Archive member included to satisfy reference by file (symbol)

e:/self_study/embedded/embedded system imt/imt_arm_course/02- tools/03- imt sdk/imt_sdk_win_64/winarm/armgcc/bin/../lib/gcc/arm-none-eabi/7.2.1/thumb/v7-m\libgcc.a(_arm_addsubdf3.o)
                              ./src/Charge_Control.o (__aeabi_dsub)
e:/self_study/embedded/embedded system imt/imt_arm_course/02- tools/03- imt sdk/imt_sdk_win_64/winarm/armgcc/bin/../lib/gcc/arm-none-eabi/7.2.1/thumb/v7-m\libgcc.a(_arm_muldivdf3.o)
                              ./src/Charge_Control.o (__aeabi_dmul)
e:/self_study/embedded/embedded system imt/imt_arm_course/02- tools/03- imt sdk/imt_sdk_win_64/winarm/armgcc/bin/../lib/gcc/arm-none-eabi/7.2.1/thumb/v7-m\libgcc.a(_arm_cmpdf2.o)
                              ./src/LCD.o (__aeabi_dcmplt)
e:/self_study/embedded/embedded system imt/imt_arm_course/02- tools/03- imt sdk/imt_sdk_win_64/winarm/armgcc/bin/../lib/gcc/arm-none-eabi/7.2.1/thumb/v7-m\libgcc.a(_arm_truncdfsf2.o)
                              ./src/Charge_Control.o (__aeabi_d2f)
e:/self_study/embedded/embedded system imt/imt_arm_course/02- tools/03- imt sdk/imt_sdk_win_64/winarm/armgcc/bin/../lib/gcc/arm-none-eabi/7.2.1/thumb/v7-m\libgcc.a(_arm_addsubsf3.o)
                              ./src/CellBalancing.o (__aeabi_fsub)
e:/self_study/embedded/embedded system imt/imt_arm_course/02- tools/03- imt sdk/imt_sdk_win_64/winarm/armgcc/bin/../lib/gcc/arm-none-eabi/7.2.1/thumb/v7-m\libgcc.a(_arm_muldivsf3.o)
                              ./src/BLE.o (__aeabi_fmul)
e:/self_study/embedded/embedded system imt/imt_arm_course/02- tools/03- imt sdk/imt_sdk_win_64/winarm/armgcc/bin/../lib/gcc/arm-none-eabi/7.2.1/thumb/v7-m\libgcc.a(_arm_cmpsf2.o)
                              ./src/CellBalancing.o (__aeabi_fcmplt)
e:/self_study/embedded/embedded system imt/imt_arm_course/02- tools/03- imt sdk/imt_sdk_win_64/winarm/armgcc/bin/../lib/gcc/arm-none-eabi/7.2.1/thumb/v7-m\libgcc.a(_arm_fixunssfsi.o)
                              ./src/BLE.o (__aeabi_f2uiz)
e:/self_study/embedded/embedded system imt/imt_arm_course/02- tools/03- imt sdk/imt_sdk_win_64/winarm/armgcc/bin/../lib/gcc/arm-none-eabi/7.2.1/../../../../arm-none-eabi/lib/thumb/v7-m\libg_nano.a(lib_a-efgcvt.o)
                              ./src/LCD.o (gcvt)
e:/self_study/embedded/embedded system imt/imt_arm_course/02- tools/03- imt sdk/imt_sdk_win_64/winarm/armgcc/bin/../lib/gcc/arm-none-eabi/7.2.1/../../../../arm-none-eabi/lib/thumb/v7-m\libg_nano.a(lib_a-errno.o)
                              ./system/src/newlib/_sbrk.o (__errno)
e:/self_study/embedded/embedded system imt/imt_arm_course/02- tools/03- imt sdk/imt_sdk_win_64/winarm/armgcc/bin/../lib/gcc/arm-none-eabi/7.2.1/../../../../arm-none-eabi/lib/thumb/v7-m\libg_nano.a(lib_a-impure.o)
                              e:/self_study/embedded/embedded system imt/imt_arm_course/02- tools/03- imt sdk/imt_sdk_win_64/winarm/armgcc/bin/../lib/gcc/arm-none-eabi/7.2.1/../../../../arm-none-eabi/lib/thumb/v7-m\libg_nano.a(lib_a-efgcvt.o) (_impure_ptr)
e:/self_study/embedded/embedded system imt/imt_arm_course/02- tools/03- imt sdk/imt_sdk_win_64/winarm/armgcc/bin/../lib/gcc/arm-none-eabi/7.2.1/../../../../arm-none-eabi/lib/thumb/v7-m\libg_nano.a(lib_a-itoa.o)
                              ./src/LCD.o (itoa)
e:/self_study/embedded/embedded system imt/imt_arm_course/02- tools/03- imt sdk/imt_sdk_win_64/winarm/armgcc/bin/../lib/gcc/arm-none-eabi/7.2.1/../../../../arm-none-eabi/lib/thumb/v7-m\libg_nano.a(lib_a-strlen.o)
                              ./system/src/diag/Trace.o (strlen)
e:/self_study/embedded/embedded system imt/imt_arm_course/02- tools/03- imt sdk/imt_sdk_win_64/winarm/armgcc/bin/../lib/gcc/arm-none-eabi/7.2.1/../../../../arm-none-eabi/lib/thumb/v7-m\libg_nano.a(lib_a-utoa.o)
                              e:/self_study/embedded/embedded system imt/imt_arm_course/02- tools/03- imt sdk/imt_sdk_win_64/winarm/armgcc/bin/../lib/gcc/arm-none-eabi/7.2.1/../../../../arm-none-eabi/lib/thumb/v7-m\libg_nano.a(lib_a-itoa.o) (__utoa)
e:/self_study/embedded/embedded system imt/imt_arm_course/02- tools/03- imt sdk/imt_sdk_win_64/winarm/armgcc/bin/../lib/gcc/arm-none-eabi/7.2.1/../../../../arm-none-eabi/lib/thumb/v7-m\libg_nano.a(lib_a-vsnprintf.o)
                              ./system/src/diag/Trace.o (vsnprintf)
e:/self_study/embedded/embedded system imt/imt_arm_course/02- tools/03- imt sdk/imt_sdk_win_64/winarm/armgcc/bin/../lib/gcc/arm-none-eabi/7.2.1/../../../../arm-none-eabi/lib/thumb/v7-m\libg_nano.a(lib_a-ecvtbuf.o)
                              e:/self_study/embedded/embedded system imt/imt_arm_course/02- tools/03- imt sdk/imt_sdk_win_64/winarm/armgcc/bin/../lib/gcc/arm-none-eabi/7.2.1/../../../../arm-none-eabi/lib/thumb/v7-m\libg_nano.a(lib_a-efgcvt.o) (fcvtbuf)
[...]
Memory Configuration

Name             Origin             Length             Attributes
RAM              0x20000000         0x00005000         xrw
CCMRAM           0x00000000         0x00000000         xrw
FLASH            0x08000000         0x00010000         xr
FLASHB1          0x00000000         0x00000000         xr
EXTMEMB0         0x00000000         0x00000000         xr
EXTMEMB1         0x00000000         0x00000000         xr
EXTMEMB2         0x00000000         0x00000000         xr
EXTMEMB3         0x00000000         0x00000000         xr
MEMORY_ARRAY     0x00000000         0x00000000         xrw
*default*        0x00000000         0xffffffff

Linker script and memory map

LOAD ./system/src/stm32f1-stdperiph/misc.o
LOAD ./system/src/stm32f1-stdperiph/stm32f10x_gpio.o
LOAD ./system/src/stm32f1-stdperiph/stm32f10x_rcc.o
LOAD ./system/src/newlib/_cxx.o
LOAD ./system/src/newlib/_exit.o
LOAD ./system/src/newlib/_sbrk.o
LOAD ./system/src/newlib/_startup.o
LOAD ./system/src/newlib/_syscalls.o
LOAD ./system/src/newlib/assert.o
LOAD ./system/src/diag/Trace.o
LOAD ./system/src/diag/trace_impl.o
LOAD ./system/src/cortexm/_initialize_hardware.o
LOAD ./system/src/cortexm/_reset_hardware.o
LOAD ./system/src/cortexm/exception_handlers.o
LOAD ./system/src/cmsis/system_stm32f10x.o
LOAD ./system/src/cmsis/vectors_stm32f10x.o
LOAD ./src/ADC_program.o
LOAD ./src/AFIO_program.o
LOAD ./src/BLE.o
LOAD ./src/Battery_Backup.o
LOAD ./src/CellBalancing.o
LOAD ./src/Charge_Control.o
LOAD ./src/DIO_program.o
LOAD ./src/Data_Acqusition.o
LOAD ./src/Display.o
LOAD ./src/LCD.o
LOAD ./src/MULTIPLEXER_program.o
LOAD ./src/NVIC.o
LOAD ./src/RCC_program.o
LOAD ./src/RCFilter.o
LOAD ./src/STP.o
LOAD ./src/SYSTICK_program.o
LOAD ./src/TIMER_program.o
LOAD ./src/ThermalManagment.o
LOAD ./src/USART_Program.o
LOAD ./src/delay.o
LOAD ./src/main.o
LOAD e:/self_study/embedded/embedded system imt/imt_arm_course/02- tools/03- imt sdk/imt_sdk_win_64/winarm/armgcc/bin/../lib/gcc/arm-none-eabi/7.2.1/../../../../arm-none-eabi/lib/thumb/v7-m\libstdc++_nano.a
LOAD e:/self_study/embedded/embedded system imt/imt_arm_course/02- tools/03- imt sdk/imt_sdk_win_64/winarm/armgcc/bin/../lib/gcc/arm-none-eabi/7.2.1/../../../../arm-none-eabi/lib/thumb/v7-m\libm.a
START GROUP
LOAD e:/self_study/embedded/embedded system imt/imt_arm_course/02- tools/03- imt sdk/imt_sdk_win_64/winarm/armgcc/bin/../lib/gcc/arm-none-eabi/7.2.1/thumb/v7-m\libgcc.a
LOAD e:/self_study/embedded/embedded system imt/imt_arm_course/02- tools/03- imt sdk/imt_sdk_win_64/winarm/armgcc/bin/../lib/gcc/arm-none-eabi/7.2.1/../../../../arm-none-eabi/lib/thumb/v7-m\libg_nano.a
LOAD e:/self_study/embedded/embedded system imt/imt_arm_course/02- tools/03- imt sdk/imt_sdk_win_64/winarm/armgcc/bin/../lib/gcc/arm-none-eabi/7.2.1/../../../../arm-none-eabi/lib/thumb/v7-m\libc_nano.a
END GROUP
START GROUP
LOAD e:/self_study/embedded/embedded system imt/imt_arm_course/02- tools/03- imt sdk/imt_sdk_win_64/winarm/armgcc/bin/../lib/gcc/arm-none-eabi/7.2.1/thumb/v7-m\libgcc.a
LOAD e:/self_study/embedded/embedded system imt/imt_arm_course/02- tools/03- imt sdk/imt_sdk_win_64/winarm/armgcc/bin/../lib/gcc/arm-none-eabi/7.2.1/../../../../arm-none-eabi/lib/thumb/v7-m\libc_nano.a
END GROUP
                0x20005000                __stack = (ORIGIN (RAM) + LENGTH (RAM))
                0x20005000                _estack = __stack
                0x00000400                __Main_Stack_Size = 0x400
                [!provide]                PROVIDE (_Main_Stack_Size, __Main_Stack_Size)
                0x20004c00                __Main_Stack_Limit = (__stack - __Main_Stack_Size)
                [!provide]                PROVIDE (_Main_Stack_Limit, __Main_Stack_Limit)
                0x00000100                _Minimum_Stack_Size = 0x100
                0x200001e8                PROVIDE (_Heap_Begin, _end_noinit)
                0x20004c00                PROVIDE (_Heap_Limit, (__stack - __Main_Stack_Size))

.isr_vector     0x08000000      0x350
 FILL mask 0xff
                0x08000000                __vectors_start = ABSOLUTE (.)
                0x08000000                __vectors_start__ = ABSOLUTE (.)
 *(.isr_vector)
 .isr_vector    0x08000000      0x10c ./system/src/cmsis/vectors_stm32f10x.o
                0x08000000                __isr_vectors
 *(.cfmconfig)
 *(.after_vectors .after_vectors.*)
 .after_vectors
                0x0800010c      0x114 ./system/src/newlib/_startup.o
                0x0800010c                _start
 .after_vectors
                0x08000220      0x12c ./system/src/cortexm/exception_handlers.o
                0x08000220                Reset_Handler
                0x08000226                NMI_Handler
                0x0800022a                HardFault_Handler
                0x0800023e                HardFault_Handler_C
                0x0800029c                MemManage_Handler
                0x080002a0                BusFault_Handler
                0x080002b4                BusFault_Handler_C
                0x080002e8                UsageFault_Handler
                0x080002fc                UsageFault_Handler_C
                0x08000330                SVC_Handler
                0x08000334                DebugMon_Handler
                0x08000338                PendSV_Handler
 .after_vectors
                0x0800034c        0x4 ./system/src/cmsis/vectors_stm32f10x.o
                0x0800034c                EXTI2_IRQHandler
                0x0800034c                TIM8_TRG_COM_IRQHandler
                0x0800034c                TIM8_CC_IRQHandler
                0x0800034c                TIM1_CC_IRQHandler
                0x0800034c                TIM6_IRQHandler
                0x0800034c                PVD_IRQHandler
                0x0800034c                SDIO_IRQHandler
                0x0800034c                CAN2_RX1_IRQHandler
                0x0800034c                EXTI3_IRQHandler
                0x0800034c                TIM8_TRG_COM_TIM14_IRQHandler
                0x0800034c                TIM1_UP_TIM10_IRQHandler
                0x0800034c                TIM8_UP_TIM13_IRQHandler
                0x0800034c                EXTI0_IRQHandler
                0x0800034c                I2C2_EV_IRQHandler
                0x0800034c                CAN1_RX0_IRQHandler
                0x0800034c                TIM1_UP_TIM16_IRQHandler
                0x0800034c                CAN2_SCE_IRQHandler
                0x0800034c                ADC1_2_IRQHandler
                0x0800034c                SPI1_IRQHandler
                0x0800034c                TAMPER_IRQHandler
                0x0800034c                TIM6_DAC_IRQHandler
                0x0800034c                TIM1_BRK_TIM9_IRQHandler
                0x0800034c                CAN2_RX0_IRQHandler
                0x0800034c                TIM8_UP_IRQHandler
                0x0800034c                DMA2_Channel2_IRQHandler
                0x0800034c                DMA1_Channel4_IRQHandler
                0x0800034c                USART3_IRQHandler
                0x0800034c                RTC_IRQHandler
                0x0800034c                DMA1_Channel7_IRQHandler
                0x0800034c                CAN1_RX1_IRQHandler
                0x0800034c                UART5_IRQHandler
                0x0800034c                ADC3_IRQHandler
                0x0800034c                TIM4_IRQHandler
                0x0800034c                DMA2_Channel1_IRQHandler
                0x0800034c                I2C1_EV_IRQHandler
                0x0800034c                DMA1_Channel6_IRQHandler
                0x0800034c                UART4_IRQHandler
                0x0800034c                DMA2_Channel4_IRQHandler
                0x0800034c                RCC_IRQHandler
                0x0800034c                TIM8_BRK_TIM12_IRQHandler
                0x0800034c                TIM1_TRG_COM_IRQHandler
                0x0800034c                DMA1_Channel1_IRQHandler
                0x0800034c                Default_Handler
                0x0800034c                CEC_IRQHandler
                0x0800034c                EXTI15_10_IRQHandler
                0x0800034c                TIM14_IRQHandler
                0x0800034c                TIM13_IRQHandler
                0x0800034c                TIM12_IRQHandler
                0x0800034c                TIM7_IRQHandler
                0x0800034c                CAN2_TX_IRQHandler
                0x0800034c                TIM5_IRQHandler
                0x0800034c                EXTI9_5_IRQHandler
                0x0800034c                ETH_WKUP_IRQHandler
                0x0800034c                SPI2_IRQHandler
                0x0800034c                CAN1_TX_IRQHandler
                0x0800034c                DMA2_Channel5_IRQHandler
                0x0800034c                DMA1_Channel5_IRQHandler
                0x0800034c                EXTI4_IRQHandler
                0x0800034c                USB_LP_CAN1_RX0_IRQHandler
                0x0800034c                TIM1_TRG_COM_TIM17_IRQHandler
                0x0800034c                USB_HP_CAN1_TX_IRQHandler
                0x0800034c                DMA1_Channel3_IRQHandler
                0x0800034c                FSMC_IRQHandler
                0x0800034c                ETH_IRQHandler
                0x0800034c                TIM1_UP_IRQHandler
                0x0800034c                WWDG_IRQHandler
                0x0800034c                TIM2_IRQHandler
                0x0800034c                OTG_FS_WKUP_IRQHandler
                0x0800034c                TIM1_TRG_COM_TIM11_IRQHandler
                0x0800034c                TIM1_BRK_IRQHandler
                0x0800034c                EXTI1_IRQHandler
                0x0800034c                RTCAlarm_IRQHandler
                0x0800034c                DMA2_Channel4_5_IRQHandler
                0x0800034c                USART2_IRQHandler
                0x0800034c                I2C2_ER_IRQHandler
                0x0800034c                DMA1_Channel2_IRQHandler
                0x0800034c                TIM8_BRK_IRQHandler
                0x0800034c                CAN1_SCE_IRQHandler
                0x0800034c                FLASH_IRQHandler
                0x0800034c                USART1_IRQHandler
                0x0800034c                OTG_FS_IRQHandler
                0x0800034c                SPI3_IRQHandler
                0x0800034c                I2C1_ER_IRQHandler
                0x0800034c                USBWakeUp_IRQHandler
                0x0800034c                DMA2_Channel3_IRQHandler
                0x0800034c                TIM1_BRK_TIM15_IRQHandler

.inits          0x08000350       0x28
                0x08000350                __data_regions_array_start = .
                0x08000350        0x4 LONG 0x8005d48 LOADADDR (.data)
                0x08000354        0x4 LONG 0x20000000 ADDR (.data)
                0x08000358        0x4 LONG 0x20000100 (ADDR (.data) + SIZEOF (.data))
                0x0800035c        0x4 LONG 0x8005d48 LOADADDR (.data_CCMRAM)
                0x08000360        0x4 LONG 0x0 ADDR (.data_CCMRAM)
                0x08000364        0x4 LONG 0x0 (ADDR (.data_CCMRAM) + SIZEOF (.data_CCMRAM))
                0x08000368                __data_regions_array_end = .
                0x08000368                __bss_regions_array_start = .
                0x08000368        0x4 LONG 0x20000100 ADDR (.bss)
                0x0800036c        0x4 LONG 0x200001e8 (ADDR (.bss) + SIZEOF (.bss))
                0x08000370        0x4 LONG 0x0 ADDR (.bss_CCMRAM)
                0x08000374        0x4 LONG 0x0 (ADDR (.bss_CCMRAM) + SIZEOF (.bss_CCMRAM))
                0x08000378                __bss_regions_array_end = .
 *(.init)
 *(.fini)
                0x08000378                . = ALIGN (0x4)
                0x08000378                PROVIDE (__preinit_array_start, .)
 *(.preinit_array_sysinit .preinit_array_sysinit.*)
 *(.preinit_array_platform .preinit_array_platform.*)
 *(.preinit_array .preinit_array.*)
                0x08000378                PROVIDE (__preinit_array_end, .)
                0x08000378                . = ALIGN (0x4)
                0x08000378                PROVIDE (__init_array_start, .)
 *(SORT_BY_NAME(.init_array.*))
 *(.init_array)
                0x08000378                PROVIDE (__init_array_end, .)
                0x08000378                . = ALIGN (0x4)
                0x08000378                PROVIDE (__fini_array_start, .)
 *(SORT_BY_NAME(.fini_array.*))
 *(.fini_array)
                0x08000378                PROVIDE (__fini_array_end, .)

.flashtext
 *(.flashtext .flashtext.*)

.text           0x08000378     0x59ce
 *(.text .text.*)
 .text._exit    0x08000378        0x2 ./system/src/newlib/_exit.o
                0x08000378                _exit
 *fill*         0x0800037a        0x2 
 .text._sbrk    0x0800037c       0x44 ./system/src/newlib/_sbrk.o
                0x0800037c                _sbrk
 .text.__initialize_args
                0x080003c0       0x10 ./system/src/newlib/_syscalls.o
                0x080003c0                __initialize_args
 .text.trace_printf
                0x080003d0       0x30 ./system/src/diag/Trace.o
                0x080003d0                trace_printf
 .text._trace_write_semihosting_debug
                0x08000400       0x60 ./system/src/diag/trace_impl.o
 .text.trace_write
                0x08000460        0x8 ./system/src/diag/trace_impl.o
                0x08000460                trace_write
 .text.__initialize_hardware_early
                0x08000468       0x18 ./system/src/cortexm/_initialize_hardware.o
                0x08000468                __initialize_hardware_early
 .text.__initialize_hardware
                0x08000480        0x8 ./system/src/cortexm/_initialize_hardware.o
                0x08000480                __initialize_hardware
 .text.dumpExceptionStack
                0x08000488       0xf4 ./system/src/cortexm/exception_handlers.o
                0x08000488                dumpExceptionStack
 .text.isSemihosting
                0x0800057c       0x20 ./system/src/cortexm/exception_handlers.o
                0x0800057c                isSemihosting
 .text.SetSysClockTo72
                0x0800059c       0xc4 ./system/src/cmsis/system_stm32f10x.o
 .text.SetSysClock
                0x08000660        0x8 ./system/src/cmsis/system_stm32f10x.o
 .text.SystemInit
                0x08000668       0x50 ./system/src/cmsis/system_stm32f10x.o
                0x08000668                SystemInit
 .text.SystemCoreClockUpdate
                0x080006b8       0x94 ./system/src/cmsis/system_stm32f10x.o
                0x080006b8                SystemCoreClockUpdate
 .text.ADC_VoidInit
                0x0800074c       0x58 ./src/ADC_program.o
                0x0800074c                ADC_VoidInit
 .text.start_coversion
                0x080007a4       0x10 ./src/ADC_program.o
                0x080007a4                start_coversion
 .text.ADC_getValue
                0x080007b4        0xc ./src/ADC_program.o
                0x080007b4                ADC_getValue
 .text.BLE_init
                0x080007c0       0x12 ./src/BLE.o
                0x080007c0                BLE_init
 *fill*         0x080007d2        0x2 
 .text.BLE_sendData
                0x080007d4      0x130 ./src/BLE.o
                0x080007d4                BLE_sendData
 .text.Battery_Backup_init
                0x08000904       0x40 ./src/Battery_Backup.o
                0x08000904                Battery_Backup_init
 .text.CellBalancing_CellBalancingProcessing
                0x08000944      0x104 ./src/CellBalancing.o
                0x08000944                CellBalancing_CellBalancingProcessing
 .text.Charge_Control_init
                0x08000a48       0x64 ./src/Charge_Control.o
                0x08000a48                Charge_Control_init
 .text.charge_control_sendData
                0x08000aac       0x4c ./src/Charge_Control.o
                0x08000aac                charge_control_sendData
 .text.Charge_Control_calcStateOfCharge
                0x08000af8      0x104 ./src/Charge_Control.o
                0x08000af8                Charge_Control_calcStateOfCharge
 .text.MGPIO_VidSetPinDirection
                0x08000bfc       0xe8 ./src/DIO_program.o
                0x08000bfc                MGPIO_VidSetPinDirection
 .text.MGPIO_VidSetPinValue
                0x08000ce4       0x94 ./src/DIO_program.o
                0x08000ce4                MGPIO_VidSetPinValue
 .text.Data_voidAcqusitionInit
                0x08000d78       0x10 ./src/Data_Acqusition.o
                0x08000d78                Data_voidAcqusitionInit
 .text.ADC_Average
                0x08000d88       0x24 ./src/Data_Acqusition.o
                0x08000d88                ADC_Average
 *fill*         0x08000dac        0x4 
 .text.Get_Temp
                0x08000db0       0x38 ./src/Data_Acqusition.o
 .text.Get_Voltage
                0x08000de8       0x58 ./src/Data_Acqusition.o
 .text.Get_Current
                0x08000e40       0x3c ./src/Data_Acqusition.o
 .text.Data_voidAcqusition
                0x08000e7c       0xc0 ./src/Data_Acqusition.o
                0x08000e7c                Data_voidAcqusition
 .text.Display_init
                0x08000f3c        0x8 ./src/Display.o
                0x08000f3c                Display_init
 .text.Display_voidDataAcqusition
                0x08000f44       0xd8 ./src/Display.o
                0x08000f44                Display_voidDataAcqusition
 .text.Display_thermalData
                0x0800101c       0x94 ./src/Display.o
                0x0800101c                Display_thermalData
 .text.LCD_sendCommand
                0x080010b0       0x90 ./src/LCD.o
                0x080010b0                LCD_sendCommand
 .text.LCD_init
                0x08001140       0x66 ./src/LCD.o
                0x08001140                LCD_init
 *fill*         0x080011a6        0x2 
 .text.LCD_displayCharacter
                0x080011a8       0x98 ./src/LCD.o
                0x080011a8                LCD_displayCharacter
 .text.LCD_displayString
                0x08001240       0x1a ./src/LCD.o
                0x08001240                LCD_displayString
 .text.LCD_goToRowColumn
                0x0800125a       0x2c ./src/LCD.o
                0x0800125a                LCD_goToRowColumn
 .text.LCD_intgerToString
                0x08001286       0x18 ./src/LCD.o
                0x08001286                LCD_intgerToString
 .text.LCD_clearScreen
                0x0800129e        0xa ./src/LCD.o
                0x0800129e                LCD_clearScreen
 .text.FloatToString
                0x080012a8       0x44 ./src/LCD.o
                0x080012a8                FloatToString
 .text.HMultiplexer_voidInit
                0x080012ec       0x2c ./src/MULTIPLEXER_program.o
                0x080012ec                HMultiplexer_voidInit
 .text.HChannelSelection_void
                0x08001318      0x2ca ./src/MULTIPLEXER_program.o
                0x08001318                HChannelSelection_void
 *fill*         0x080015e2        0x2 
 .text.RCC_voidInitSysClock
                0x080015e4       0x14 ./src/RCC_program.o
                0x080015e4                RCC_voidInitSysClock
 .text.RCC_voidEnableClock
                0x080015f8       0x4c ./src/RCC_program.o
                0x080015f8                RCC_voidEnableClock
 .text.STP_init
                0x08001644       0x26 ./src/STP.o
                0x08001644                STP_init
 .text.STP_sendSynchronus
                0x0800166a       0x7a ./src/STP.o
                0x0800166a                STP_sendSynchronus
 .text.Systick_init
                0x080016e4        0xc ./src/SYSTICK_program.o
                0x080016e4                Systick_init
 .text.Systick_setBusyWait
                0x080016f0       0x38 ./src/SYSTICK_program.o
                0x080016f0                Systick_setBusyWait
 .text.SysTick_Handler
                0x08001728       0x58 ./src/SYSTICK_program.o
                0x08001728                SysTick_Handler
 .text.Tim_Init
                0x08001780      0x174 ./src/TIMER_program.o
                0x08001780                Tim_Init
 .text.Tim_Start
                0x080018f4       0x50 ./src/TIMER_program.o
                0x080018f4                Tim_Start
 .text.PWM_ChannelConfig
                0x08001944      0x6e0 ./src/TIMER_program.o
                0x08001944                PWM_ChannelConfig
 .text.Set_DutyCycle
                0x08002024      0x1e8 ./src/TIMER_program.o
                0x08002024                Set_DutyCycle
 .text.timer3Init
                0x0800220c       0x2c ./src/ThermalManagment.o
 .text.PWMTimeInit
                0x08002238       0x38 ./src/ThermalManagment.o
 .text.ThermalManagment_init
                0x08002270       0x2c ./src/ThermalManagment.o
                0x08002270                ThermalManagment_init
 .text.ThermalManagment
                0x0800229c      0x740 ./src/ThermalManagment.o
                0x0800229c                ThermalManagment
 .text.TIM3_IRQHandler
                0x080029dc       0x54 ./src/ThermalManagment.o
                0x080029dc                TIM3_IRQHandler
 .text.MUART_voidInit
                0x08002a30       0x28 ./src/USART_Program.o
                0x08002a30                MUART_voidInit
 .text.MUART_voidTransmitSynch
                0x08002a58       0x24 ./src/USART_Program.o
                0x08002a58                MUART_voidTransmitSynch
 .text.delay_init
                0x08002a7c        0x8 ./src/delay.o
                0x08002a7c                delay_init
 .text._delay_us
                0x08002a84        0x8 ./src/delay.o
                0x08002a84                _delay_us
 .text._delay_ms
                0x08002a8c       0x10 ./src/delay.o
                0x08002a8c                _delay_ms
 .text.main     0x08002a9c       0x78 ./src/main.o
                0x08002a9c                main
 .text          0x08002b14      0x378 e:/self_study/embedded/embedded system imt/imt_arm_course/02- tools/03- imt sdk/imt_sdk_win_64/winarm/armgcc/bin/../lib/gcc/arm-none-eabi/7.2.1/thumb/v7-m\libgcc.a(_arm_addsubdf3.o)
                0x08002b14                __aeabi_drsub
                0x08002b1c                __aeabi_dsub
                0x08002b1c                __subdf3
                0x08002b20                __aeabi_dadd
                0x08002b20                __adddf3
                0x08002d98                __floatunsidf
                0x08002d98                __aeabi_ui2d
                0x08002db8                __floatsidf
                0x08002db8                __aeabi_i2d
                0x08002ddc                __aeabi_f2d
                0x08002ddc                __extendsfdf2
                0x08002e20                __floatundidf
                0x08002e20                __aeabi_ul2d
                0x08002e30                __floatdidf
                0x08002e30                __aeabi_l2d
 .text          0x08002e8c      0x424 e:/self_study/embedded/embedded system imt/imt_arm_course/02- tools/03- imt sdk/imt_sdk_win_64/winarm/armgcc/bin/../lib/gcc/arm-none-eabi/7.2.1/thumb/v7-m\libgcc.a(_arm_muldivdf3.o)
                0x08002e8c                __aeabi_dmul
                0x08002e8c                __muldf3
                0x080030e0                __divdf3
                0x080030e0                __aeabi_ddiv
 .text          0x080032b0      0x110 e:/self_study/embedded/embedded system imt/imt_arm_course/02- tools/03- imt sdk/imt_sdk_win_64/winarm/armgcc/bin/../lib/gcc/arm-none-eabi/7.2.1/thumb/v7-m\libgcc.a(_arm_cmpdf2.o)
                0x080032b0                __gtdf2
                0x080032b0                __gedf2
                0x080032b8                __ltdf2
                0x080032b8                __ledf2
                0x080032c0                __nedf2
                0x080032c0                __eqdf2
                0x080032c0                __cmpdf2
                0x0800333c                __aeabi_cdrcmple
                0x0800334c                __aeabi_cdcmpeq
                0x0800334c                __aeabi_cdcmple
                0x0800335c                __aeabi_dcmpeq
                0x08003370                __aeabi_dcmplt
                0x08003384                __aeabi_dcmple
                0x08003398                __aeabi_dcmpge
                0x080033ac                __aeabi_dcmpgt
 .text          0x080033c0       0xa0 e:/self_study/embedded/embedded system imt/imt_arm_course/02- tools/03- imt sdk/imt_sdk_win_64/winarm/armgcc/bin/../lib/gcc/arm-none-eabi/7.2.1/thumb/v7-m\libgcc.a(_arm_truncdfsf2.o)
                0x080033c0                __truncdfsf2
                0x080033c0                __aeabi_d2f
 .text          0x08003460      0x21c e:/self_study/embedded/embedded system imt/imt_arm_course/02- tools/03- imt sdk/imt_sdk_win_64/winarm/armgcc/bin/../lib/gcc/arm-none-eabi/7.2.1/thumb/v7-m\libgcc.a(_arm_addsubsf3.o)
                0x08003460                __aeabi_frsub
                0x08003468                __subsf3
                0x08003468                __aeabi_fsub
                0x0800346c                __aeabi_fadd
                0x0800346c                __addsf3
                0x080035cc                __aeabi_ui2f
                0x080035cc                __floatunsisf
                0x080035d4                __aeabi_i2f
                0x080035d4                __floatsisf
                0x080035f0                __aeabi_ul2f
                0x080035f0                __floatundisf
                0x08003600                __aeabi_l2f
                0x08003600                __floatdisf
 .text          0x0800367c      0x2a0 e:/self_study/embedded/embedded system imt/imt_arm_course/02- tools/03- imt sdk/imt_sdk_win_64/winarm/armgcc/bin/../lib/gcc/arm-none-eabi/7.2.1/thumb/v7-m\libgcc.a(_arm_muldivsf3.o)
                0x0800367c                __mulsf3
                0x0800367c                __aeabi_fmul
                0x080037e4                __aeabi_fdiv
                0x080037e4                __divsf3
 .text          0x0800391c       0xec e:/self_study/embedded/embedded system imt/imt_arm_course/02- tools/03- imt sdk/imt_sdk_win_64/winarm/armgcc/bin/../lib/gcc/arm-none-eabi/7.2.1/thumb/v7-m\libgcc.a(_arm_cmpsf2.o)
                0x0800391c                __gesf2
                0x0800391c                __gtsf2
                0x08003924                __lesf2
                0x08003924                __ltsf2
                0x0800392c                __nesf2
                0x0800392c                __eqsf2
                0x0800392c                __cmpsf2
                0x0800398c                __aeabi_cfrcmple
                0x08003994                __aeabi_cfcmpeq
                0x08003994                __aeabi_cfcmple
                0x080039a4                __aeabi_fcmpeq
                0x080039b8                __aeabi_fcmplt
                0x080039cc                __aeabi_fcmple
                0x080039e0                __aeabi_fcmpge
                0x080039f4                __aeabi_fcmpgt
 .text          0x08003a08       0x40 e:/self_study/embedded/embedded system imt/imt_arm_course/02- tools/03- imt sdk/imt_sdk_win_64/winarm/armgcc/bin/../lib/gcc/arm-none-eabi/7.2.1/thumb/v7-m\libgcc.a(_arm_fixunssfsi.o)
                0x08003a08                __fixunssfsi
                0x08003a08                __aeabi_f2uiz
 .text.gcvt     0x08003a48       0x48 e:/self_study/embedded/embedded system imt/imt_arm_course/02- tools/03- imt sdk/imt_sdk_win_64/winarm/armgcc/bin/../lib/gcc/arm-none-eabi/7.2.1/../../../../arm-none-eabi/lib/thumb/v7-m\libg_nano.a(lib_a-efgcvt.o)
                0x08003a48                gcvt
 .text.__errno  0x08003a90        0xc e:/self_study/embedded/embedded system imt/imt_arm_course/02- tools/03- imt sdk/imt_sdk_win_64/winarm/armgcc/bin/../lib/gcc/arm-none-eabi/7.2.1/../../../../arm-none-eabi/lib/thumb/v7-m\libg_nano.a(lib_a-errno.o)
                0x08003a90                __errno
 .text.__itoa   0x08003a9c       0x30 e:/self_study/embedded/embedded system imt/imt_arm_course/02- tools/03- imt sdk/imt_sdk_win_64/winarm/armgcc/bin/../lib/gcc/arm-none-eabi/7.2.1/../../../../arm-none-eabi/lib/thumb/v7-m\libg_nano.a(lib_a-itoa.o)
                0x08003a9c                __itoa
 .text.itoa     0x08003acc        0x4 e:/self_study/embedded/embedded system imt/imt_arm_course/02- tools/03- imt sdk/imt_sdk_win_64/winarm/armgcc/bin/../lib/gcc/arm-none-eabi/7.2.1/../../../../arm-none-eabi/lib/thumb/v7-m\libg_nano.a(lib_a-itoa.o)
                0x08003acc                itoa
 .text.__utoa   0x08003ad0       0x7c e:/self_study/embedded/embedded system imt/imt_arm_course/02- tools/03- imt sdk/imt_sdk_win_64/winarm/armgcc/bin/../lib/gcc/arm-none-eabi/7.2.1/../../../../arm-none-eabi/lib/thumb/v7-m\libg_nano.a(lib_a-utoa.o)
                0x08003ad0                __utoa
 .text._vsnprintf_r
                0x08003b4c       0x58 e:/self_study/embedded/embedded system imt/imt_arm_course/02- tools/03- imt sdk/imt_sdk_win_64/winarm/armgcc/bin/../lib/gcc/arm-none-eabi/7.2.1/../../../../arm-none-eabi/lib/thumb/v7-m\libg_nano.a(lib_a-vsnprintf.o)
                0x08003b4c                _vsniprintf_r
                0x08003b4c                _vsnprintf_r
 .text.vsnprintf
                0x08003ba4       0x1c e:/self_study/embedded/embedded system imt/imt_arm_course/02- tools/03- imt sdk/imt_sdk_win_64/winarm/armgcc/bin/../lib/gcc/arm-none-eabi/7.2.1/../../../../arm-none-eabi/lib/thumb/v7-m\libg_nano.a(lib_a-vsnprintf.o)
                0x08003ba4                vsniprintf
                0x08003ba4                vsnprintf
 .text.print_e  0x08003bc0       0xe8 e:/self_study/embedded/embedded system imt/imt_arm_course/02- tools/03- imt sdk/imt_sdk_win_64/winarm/armgcc/bin/../lib/gcc/arm-none-eabi/7.2.1/../../../../arm-none-eabi/lib/thumb/v7-m\libg_nano.a(lib_a-ecvtbuf.o)
 .text._gcvt    0x08003ca8      0x19c e:/self_study/embedded/embedded system imt/imt_arm_course/02- tools/03- imt sdk/imt_sdk_win_64/winarm/armgcc/bin/../lib/gcc/arm-none-eabi/7.2.1/../../../../arm-none-eabi/lib/thumb/v7-m\libg_nano.a(lib_a-ecvtbuf.o)
                0x08003ca8                _gcvt
 .text._Balloc  0x08003e44       0x68 e:/self_study/embedded/embedded system imt/imt_arm_course/02- tools/03- imt sdk/imt_sdk_win_64/winarm/armgcc/bin/../lib/gcc/arm-none-eabi/7.2.1/../../../../arm-none-eabi/lib/thumb/v7-m\libg_nano.a(lib_a-mprec.o)
                0x08003e44                _Balloc
 .text._Bfree   0x08003eac       0x2e e:/self_study/embedded/embedded system imt/imt_arm_course/02- tools/03- imt sdk/imt_sdk_win_64/winarm/armgcc/bin/../lib/gcc/arm-none-eabi/7.2.1/../../../../arm-none-eabi/lib/thumb/v7-m\libg_nano.a(lib_a-mprec.o)
                0x08003eac                _Bfree
 .text.__multadd
                0x08003eda       0x76 e:/self_study/embedded/embedded system imt/imt_arm_course/02- tools/03- imt sdk/imt_sdk_win_64/winarm/armgcc/bin/../lib/gcc/arm-none-eabi/7.2.1/../../../../arm-none-eabi/lib/thumb/v7-m\libg_nano.a(lib_a-mprec.o)
                0x08003eda                __multadd
 .text.__hi0bits
                0x08003f50       0x3e e:/self_study/embedded/embedded system imt/imt_arm_course/02- tools/03- imt sdk/imt_sdk_win_64/winarm/armgcc/bin/../lib/gcc/arm-none-eabi/7.2.1/../../../../arm-none-eabi/lib/thumb/v7-m\libg_nano.a(lib_a-mprec.o)
                0x08003f50                __hi0bits
 .text.__lo0bits
                0x08003f8e       0x5e e:/self_study/embedded/embedded system imt/imt_arm_course/02- tools/03- imt sdk/imt_sdk_win_64/winarm/armgcc/bin/../lib/gcc/arm-none-eabi/7.2.1/../../../../arm-none-eabi/lib/thumb/v7-m\libg_nano.a(lib_a-mprec.o)
                0x08003f8e                __lo0bits
 .text.__i2b    0x08003fec       0x12 e:/self_study/embedded/embedded system imt/imt_arm_course/02- tools/03- imt sdk/imt_sdk_win_64/winarm/armgcc/bin/../lib/gcc/arm-none-eabi/7.2.1/../../../../arm-none-eabi/lib/thumb/v7-m\libg_nano.a(lib_a-mprec.o)
                0x08003fec                __i2b
 .text.__multiply
                0x08003ffe      0x12a e:/self_study/embedded/embedded system imt/imt_arm_course/02- tools/03- imt sdk/imt_sdk_win_64/winarm/armgcc/bin/../lib/gcc/arm-none-eabi/7.2.1/../../../../arm-none-eabi/lib/thumb/v7-m\libg_nano.a(lib_a-mprec.o)
                0x08003ffe                __multiply
 .text.__pow5mult
                0x08004128       0x9c e:/self_study/embedded/embedded system imt/imt_arm_course/02- tools/03- imt sdk/imt_sdk_win_64/winarm/armgcc/bin/../lib/gcc/arm-none-eabi/7.2.1/../../../../arm-none-eabi/lib/thumb/v7-m\libg_nano.a(lib_a-mprec.o)
                0x08004128                __pow5mult
 .text.__lshift
                0x080041c4       0xa8 e:/self_study/embedded/embedded system imt/imt_arm_course/02- tools/03- imt sdk/imt_sdk_win_64/winarm/armgcc/bin/../lib/gcc/arm-none-eabi/7.2.1/../../../../arm-none-eabi/lib/thumb/v7-m\libg_nano.a(lib_a-mprec.o)
                0x080041c4                __lshift
 .text.__mcmp   0x0800426c       0x34 e:/self_study/embedded/embedded system imt/imt_arm_course/02- tools/03- imt sdk/imt_sdk_win_64/winarm/armgcc/bin/../lib/gcc/arm-none-eabi/7.2.1/../../../../arm-none-eabi/lib/thumb/v7-m\libg_nano.a(lib_a-mprec.o)
                0x0800426c                __mcmp
 .text.__mdiff  0x080042a0       0xbc e:/self_study/embedded/embedded system imt/imt_arm_course/02- tools/03- imt sdk/imt_sdk_win_64/winarm/armgcc/bin/../lib/gcc/arm-none-eabi/7.2.1/../../../../arm-none-eabi/lib/thumb/v7-m\libg_nano.a(lib_a-mprec.o)
                0x080042a0                __mdiff
 .text.__d2b    0x0800435c       0x9e e:/self_study/embedded/embedded system imt/imt_arm_course/02- tools/03- imt sdk/imt_sdk_win_64/winarm/armgcc/bin/../lib/gcc/arm-none-eabi/7.2.1/../../../../arm-none-eabi/lib/thumb/v7-m\libg_nano.a(lib_a-mprec.o)
                0x0800435c                __d2b
 *fill*         0x080043fa        0x2 
 .text._mprec_log10
                0x080043fc       0x38 e:/self_study/embedded/embedded system imt/imt_arm_course/02- tools/03- imt sdk/imt_sdk_win_64/winarm/armgcc/bin/../lib/gcc/arm-none-eabi/7.2.1/../../../../arm-none-eabi/lib/thumb/v7-m\libg_nano.a(lib_a-mprec.o)
                0x080043fc                _mprec_log10
 .text._calloc_r
                0x08004434       0x1c e:/self_study/embedded/embedded system imt/imt_arm_course/02- tools/03- imt sdk/imt_sdk_win_64/winarm/armgcc/bin/../lib/gcc/arm-none-eabi/7.2.1/../../../../arm-none-eabi/lib/thumb/v7-m\libg_nano.a(lib_a-nano-callocr.o)
                0x08004434                _calloc_r
 .text._malloc_r
                0x08004450       0xb4 e:/self_study/embedded/embedded system imt/imt_arm_course/02- tools/03- imt sdk/imt_sdk_win_64/winarm/armgcc/bin/../lib/gcc/arm-none-eabi/7.2.1/../../../../arm-none-eabi/lib/thumb/v7-m\libg_nano.a(lib_a-nano-mallocr.o)
                0x08004450                _malloc_r
 .text._realloc_r
                0x08004504       0x4c e:/self_study/embedded/embedded system imt/imt_arm_course/02- tools/03- imt sdk/imt_sdk_win_64/winarm/armgcc/bin/../lib/gcc/arm-none-eabi/7.2.1/../../../../arm-none-eabi/lib/thumb/v7-m\libg_nano.a(lib_a-nano-reallocr.o)
                0x08004504                _realloc_r
 .text.__ssputs_r
                0x08004550       0xb4 e:/self_study/embedded/embedded system imt/imt_arm_course/02- tools/03- imt sdk/imt_sdk_win_64/winarm/armgcc/bin/../lib/gcc/arm-none-eabi/7.2.1/../../../../arm-none-eabi/lib/thumb/v7-m\libg_nano.a(lib_a-nano-svfprintf.o)
                0x08004550                __ssputs_r
 .text._svfprintf_r
                0x08004604      0x1ec e:/self_study/embedded/embedded system imt/imt_arm_course/02- tools/03- imt sdk/imt_sdk_win_64/winarm/armgcc/bin/../lib/gcc/arm-none-eabi/7.2.1/../../../../arm-none-eabi/lib/thumb/v7-m\libg_nano.a(lib_a-nano-svfprintf.o)
                0x08004604                _svfiprintf_r
                0x08004604                _svfprintf_r
 .text._printf_common
                0x080047f0       0xec e:/self_study/embedded/embedded system imt/imt_arm_course/02- tools/03- imt sdk/imt_sdk_win_64/winarm/armgcc/bin/../lib/gcc/arm-none-eabi/7.2.1/../../../../arm-none-eabi/lib/thumb/v7-m\libg_nano.a(lib_a-nano-vfprintf_i.o)
                0x080047f0                _printf_common
 .text._printf_i
                0x080048dc      0x224 e:/self_study/embedded/embedded system imt/imt_arm_course/02- tools/03- imt sdk/imt_sdk_win_64/winarm/armgcc/bin/../lib/gcc/arm-none-eabi/7.2.1/../../../../arm-none-eabi/lib/thumb/v7-m\libg_nano.a(lib_a-nano-vfprintf_i.o)
                0x080048dc                _printf_i
 .text._sbrk_r  0x08004b00       0x20 e:/self_study/embedded/embedded system imt/imt_arm_course/02- tools/03- imt sdk/imt_sdk_win_64/winarm/armgcc/bin/../lib/gcc/arm-none-eabi/7.2.1/../../../../arm-none-eabi/lib/thumb/v7-m\libg_nano.a(lib_a-sbrkr.o)
                0x08004b00                _sbrk_r
 .text.strcpy   0x08004b20       0x10 e:/self_study/embedded/embedded system imt/imt_arm_course/02- tools/03- imt sdk/imt_sdk_win_64/winarm/armgcc/bin/../lib/gcc/arm-none-eabi/7.2.1/../../../../arm-none-eabi/lib/thumb/v7-m\libg_nano.a(lib_a-strcpy.o)
                0x08004b20                strcpy
 .text.quorem   0x08004b30      0x11c e:/self_study/embedded/embedded system imt/imt_arm_course/02- tools/03- imt sdk/imt_sdk_win_64/winarm/armgcc/bin/../lib/gcc/arm-none-eabi/7.2.1/../../../../arm-none-eabi/lib/thumb/v7-m\libg_nano.a(lib_a-dtoa.o)
 *fill*         0x08004c4c        0x4 
 .text._dtoa_r  0x08004c50      0xb68 e:/self_study/embedded/embedded system imt/imt_arm_course/02- tools/03- imt sdk/imt_sdk_win_64/winarm/armgcc/bin/../lib/gcc/arm-none-eabi/7.2.1/../../../../arm-none-eabi/lib/thumb/v7-m\libg_nano.a(lib_a-dtoa.o)
                0x08004c50                _dtoa_r
 .text.malloc   0x080057b8       0x10 e:/self_study/embedded/embedded system imt/imt_arm_course/02- tools/03- imt sdk/imt_sdk_win_64/winarm/armgcc/bin/../lib/gcc/arm-none-eabi/7.2.1/../../../../arm-none-eabi/lib/thumb/v7-m\libg_nano.a(lib_a-malloc.o)
                0x080057b8                malloc
 .text.memchr   0x080057c8       0x1c e:/self_study/embedded/embedded system imt/imt_arm_course/02- tools/03- imt sdk/imt_sdk_win_64/winarm/armgcc/bin/../lib/gcc/arm-none-eabi/7.2.1/../../../../arm-none-eabi/lib/thumb/v7-m\libg_nano.a(lib_a-memchr-stub.o)
                0x080057c8                memchr
 .text.memcpy   0x080057e4       0x16 e:/self_study/embedded/embedded system imt/imt_arm_course/02- tools/03- imt sdk/imt_sdk_win_64/winarm/armgcc/bin/../lib/gcc/arm-none-eabi/7.2.1/../../../../arm-none-eabi/lib/thumb/v7-m\libg_nano.a(lib_a-memcpy-stub.o)
                0x080057e4                memcpy
 .text.memmove  0x080057fa       0x32 e:/self_study/embedded/embedded system imt/imt_arm_course/02- tools/03- imt sdk/imt_sdk_win_64/winarm/armgcc/bin/../lib/gcc/arm-none-eabi/7.2.1/../../../../arm-none-eabi/lib/thumb/v7-m\libg_nano.a(lib_a-memmove.o)
                0x080057fa                memmove
 .text.memset   0x0800582c       0x10 e:/self_study/embedded/embedded system imt/imt_arm_course/02- tools/03- imt sdk/imt_sdk_win_64/winarm/armgcc/bin/../lib/gcc/arm-none-eabi/7.2.1/../../../../arm-none-eabi/lib/thumb/v7-m\libg_nano.a(lib_a-memset.o)
                0x0800582c                memset
 .text.__malloc_lock
                0x0800583c        0x2 e:/self_study/embedded/embedded system imt/imt_arm_course/02- tools/03- imt sdk/imt_sdk_win_64/winarm/armgcc/bin/../lib/gcc/arm-none-eabi/7.2.1/../../../../arm-none-eabi/lib/thumb/v7-m\libg_nano.a(lib_a-mlock.o)
                0x0800583c                __malloc_lock
 .text.__malloc_unlock
                0x0800583e        0x2 e:/self_study/embedded/embedded system imt/imt_arm_course/02- tools/03- imt sdk/imt_sdk_win_64/winarm/armgcc/bin/../lib/gcc/arm-none-eabi/7.2.1/../../../../arm-none-eabi/lib/thumb/v7-m\libg_nano.a(lib_a-mlock.o)
                0x0800583e                __malloc_unlock
 .text._free_r  0x08005840       0x98 e:/self_study/embedded/embedded system imt/imt_arm_course/02- tools/03- imt sdk/imt_sdk_win_64/winarm/armgcc/bin/../lib/gcc/arm-none-eabi/7.2.1/../../../../arm-none-eabi/lib/thumb/v7-m\libg_nano.a(lib_a-nano-freer.o)
                0x08005840                _free_r
 .text._malloc_usable_size_r
                0x080058d8       0x10 e:/self_study/embedded/embedded system imt/imt_arm_course/02- tools/03- imt sdk/imt_sdk_win_64/winarm/armgcc/bin/../lib/gcc/arm-none-eabi/7.2.1/../../../../arm-none-eabi/lib/thumb/v7-m\libg_nano.a(lib_a-nano-msizer.o)
                0x080058d8                _malloc_usable_size_r
 .text          0x080058e8       0x50 e:/self_study/embedded/embedded system imt/imt_arm_course/02- tools/03- imt sdk/imt_sdk_win_64/winarm/armgcc/bin/../lib/gcc/arm-none-eabi/7.2.1/thumb/v7-m\libgcc.a(_arm_fixdfsi.o)
                0x080058e8                __aeabi_d2iz
                0x080058e8                __fixdfsi
 *(.rodata .rodata.* .constdata .constdata.*)
 .rodata.dumpExceptionStack.str1.4
                0x08005938      0x11a ./system/src/cortexm/exception_handlers.o
 *fill*         0x08005a52        0x2 
 .rodata.str1.4
                0x08005a54       0x2a ./system/src/cortexm/exception_handlers.o
 *fill*         0x08005a7e        0x2 
 .rodata.Display_thermalData.str1.4
                0x08005a80       0x31 ./src/Display.o
 *fill*         0x08005ab1        0x3 
 .rodata.Display_voidDataAcqusition.str1.4
                0x08005ab4       0x1c ./src/Display.o
 .rodata.FloatToString.str1.4
                0x08005ad0        0x2 ./src/LCD.o
 *fill*         0x08005ad2        0x2 
 .rodata.ThermalManagment.str1.4
                0x08005ad4      0x10c ./src/ThermalManagment.o
                                0x13e (size before relaxing)
 .rodata.__utoa.str1.1
                0x08005be0       0x25 e:/self_study/embedded/embedded system imt/imt_arm_course/02- tools/03- imt sdk/imt_sdk_win_64/winarm/armgcc/bin/../lib/gcc/arm-none-eabi/7.2.1/../../../../arm-none-eabi/lib/thumb/v7-m\libg_nano.a(lib_a-utoa.o)
 *fill*         0x08005c05        0x3 
 .rodata.__mprec_bigtens
                0x08005c08       0x28 e:/self_study/embedded/embedded system imt/imt_arm_course/02- tools/03- imt sdk/imt_sdk_win_64/winarm/armgcc/bin/../lib/gcc/arm-none-eabi/7.2.1/../../../../arm-none-eabi/lib/thumb/v7-m\libg_nano.a(lib_a-mprec.o)
                0x08005c08                __mprec_bigtens
 .rodata.__mprec_tens
                0x08005c30       0xc8 e:/self_study/embedded/embedded system imt/imt_arm_course/02- tools/03- imt sdk/imt_sdk_win_64/winarm/armgcc/bin/../lib/gcc/arm-none-eabi/7.2.1/../../../../arm-none-eabi/lib/thumb/v7-m\libg_nano.a(lib_a-mprec.o)
                0x08005c30                __mprec_tens
 .rodata.p05.6084
                0x08005cf8        0xc e:/self_study/embedded/embedded system imt/imt_arm_course/02- tools/03- imt sdk/imt_sdk_win_64/winarm/armgcc/bin/../lib/gcc/arm-none-eabi/7.2.1/../../../../arm-none-eabi/lib/thumb/v7-m\libg_nano.a(lib_a-mprec.o)
 .rodata._svfprintf_r.str1.1
                0x08005d04       0x11 e:/self_study/embedded/embedded system imt/imt_arm_course/02- tools/03- imt sdk/imt_sdk_win_64/winarm/armgcc/bin/../lib/gcc/arm-none-eabi/7.2.1/../../../../arm-none-eabi/lib/thumb/v7-m\libg_nano.a(lib_a-nano-svfprintf.o)
 .rodata._printf_i.str1.1
                0x08005d15       0x22 e:/self_study/embedded/embedded system imt/imt_arm_course/02- tools/03- imt sdk/imt_sdk_win_64/winarm/armgcc/bin/../lib/gcc/arm-none-eabi/7.2.1/../../../../arm-none-eabi/lib/thumb/v7-m\libg_nano.a(lib_a-nano-vfprintf_i.o)
 .rodata._dtoa_r.str1.1
                0x08005d37        0xf e:/self_study/embedded/embedded system imt/imt_arm_course/02- tools/03- imt sdk/imt_sdk_win_64/winarm/armgcc/bin/../lib/gcc/arm-none-eabi/7.2.1/../../../../arm-none-eabi/lib/thumb/v7-m\libg_nano.a(lib_a-dtoa.o)
 *(vtable)
 *(.eh_frame*)
 *(.glue_7)
 .glue_7        0x08005d46        0x0 linker stubs
 *(.glue_7t)
 .glue_7t       0x08005d46        0x0 linker stubs

.vfp11_veneer   0x08005d48        0x0
 .vfp11_veneer  0x08005d48        0x0 linker stubs

.v4_bx          0x08005d48        0x0
 .v4_bx         0x08005d48        0x0 linker stubs

.iplt           0x08005d48        0x0
 .iplt          0x08005d48        0x0 ./system/src/newlib/_exit.o

.rel.dyn        0x08005d48        0x0
 .rel.iplt      0x08005d48        0x0 ./system/src/newlib/_exit.o

.ARM.extab
 *(.ARM.extab* .gnu.linkonce.armextab.*)
                0x08005d48                . = ALIGN (0x4)
                0x08005d48                __exidx_start = .

.ARM.exidx
 *(.ARM.exidx* .gnu.linkonce.armexidx.*)
                0x08005d48                __exidx_end = .
                0x08005d48                . = ALIGN (0x4)
                0x08005d48                _etext = .
                0x08005d48                __etext = .

.data_CCMRAM    0x00000000        0x0 load address 0x08005d48
 FILL mask 0xff
 *(.data.CCMRAM .data.CCMRAM.*)
                0x00000000                . = ALIGN (0x4)
                0x08005d48                _sidata = LOADADDR (.data)

.data           0x20000000      0x100 load address 0x08005d48
 FILL mask 0xff
                0x20000000                _sdata = .
                0x20000000                __data_start__ = .
 *(.data_begin .data_begin.*)
 .data_begin    0x20000000        0x4 ./system/src/newlib/_startup.o
 *(.data .data.*)
 .data.argv.4310
                0x20000004        0x8 ./system/src/newlib/_syscalls.o
 .data.AHBPrescTable
                0x2000000c       0x10 ./system/src/cmsis/system_stm32f10x.o
                0x2000000c                AHBPrescTable
 .data.SystemCoreClock
                0x2000001c        0x4 ./system/src/cmsis/system_stm32f10x.o
                0x2000001c                SystemCoreClock
 .data.cells    0x20000020       0x78 ./src/main.o
                0x20000020                cells
 .data._impure_ptr
                0x20000098        0x4 e:/self_study/embedded/embedded system imt/imt_arm_course/02- tools/03- imt sdk/imt_sdk_win_64/winarm/armgcc/bin/../lib/gcc/arm-none-eabi/7.2.1/../../../../arm-none-eabi/lib/thumb/v7-m\libg_nano.a(lib_a-impure.o)
                0x20000098                _impure_ptr
 .data.impure_data
                0x2000009c       0x60 e:/self_study/embedded/embedded system imt/imt_arm_course/02- tools/03- imt sdk/imt_sdk_win_64/winarm/armgcc/bin/../lib/gcc/arm-none-eabi/7.2.1/../../../../arm-none-eabi/lib/thumb/v7-m\libg_nano.a(lib_a-impure.o)
 *(.data_end .data_end.*)
 .data_end      0x200000fc        0x4 ./system/src/newlib/_startup.o
                0x20000100                . = ALIGN (0x4)
                0x20000100                _edata = .
                0x20000100                __data_end__ = .

.igot.plt       0x20000100        0x0 load address 0x08005e48
 .igot.plt      0x20000100        0x0 ./system/src/newlib/_exit.o

.bss_CCMRAM     0x00000000        0x0
 *(.bss.CCMRAM .bss.CCMRAM.*)

.bss            0x20000100       0xe8
                0x20000100                __bss_start__ = .
                0x20000100                _sbss = .
 *(.bss_begin .bss_begin.*)
 .bss_begin     0x20000100        0x4 ./system/src/newlib/_startup.o
 *(.bss .bss.*)
 .bss.current_heap_end.3961
                0x20000104        0x4 ./system/src/newlib/_sbrk.o
 .bss.name.4309
                0x20000108        0x1 ./system/src/newlib/_syscalls.o
 *fill*         0x20000109        0x3 
 .bss.buf.5205  0x2000010c       0x80 ./system/src/diag/Trace.o
 .bss.flag      0x2000018c        0x1 ./src/CellBalancing.o
 *fill*         0x2000018d        0x3 
 .bss.callBackPtr
                0x20000190        0x4 ./src/SYSTICK_program.o
 .bss.modeOfInterval
                0x20000194        0x1 ./src/SYSTICK_program.o
 .bss.Duty_Cycle
                0x20000195        0x1 ./src/ThermalManagment.o
                0x20000195                Duty_Cycle
 .bss.count_t1  0x20000196        0x1 ./src/ThermalManagment.o
                0x20000196                count_t1
 .bss.count_t2  0x20000197        0x1 ./src/ThermalManagment.o
                0x20000197                count_t2
 .bss.count_t3  0x20000198        0x1 ./src/ThermalManagment.o
                0x20000198                count_t3
 .bss.count_t4  0x20000199        0x1 ./src/ThermalManagment.o
                0x20000199                count_t4
 .bss.count_t5  0x2000019a        0x1 ./src/ThermalManagment.o
                0x2000019a                count_t5
 .bss.count_t6  0x2000019b        0x1 ./src/ThermalManagment.o
                0x2000019b                count_t6
 .bss.flag      0x2000019c        0x4 ./src/ThermalManagment.o
                0x2000019c                flag
 .bss.timer_exitinson
                0x200001a0        0x4 ./src/ThermalManagment.o
                0x200001a0                timer_exitinson
 .bss.overallStateOfCharge
                0x200001a4        0x4 ./src/main.o
                0x200001a4                overallStateOfCharge
 .bss.stateOfBranchCharge
                0x200001a8        0xc ./src/main.o
                0x200001a8                stateOfBranchCharge
 .bss.__malloc_free_list
                0x200001b4        0x4 e:/self_study/embedded/embedded system imt/imt_arm_course/02- tools/03- imt sdk/imt_sdk_win_64/winarm/armgcc/bin/../lib/gcc/arm-none-eabi/7.2.1/../../../../arm-none-eabi/lib/thumb/v7-m\libg_nano.a(lib_a-nano-mallocr.o)
                0x200001b4                __malloc_free_list
 .bss.__malloc_sbrk_start
                0x200001b8        0x4 e:/self_study/embedded/embedded system imt/imt_arm_course/02- tools/03- imt sdk/imt_sdk_win_64/winarm/armgcc/bin/../lib/gcc/arm-none-eabi/7.2.1/../../../../arm-none-eabi/lib/thumb/v7-m\libg_nano.a(lib_a-nano-mallocr.o)
                0x200001b8                __malloc_sbrk_start
 *(COMMON)
 COMMON         0x200001bc        0x4 ./system/src/newlib/_syscalls.o
                0x200001bc                errno
 COMMON         0x200001c0        0xe ./src/Charge_Control.o
                0x200001c0                isDisCharge
                0x200001c4                isCharge
                0x200001c8                charge_control_data
 *fill*         0x200001ce        0x2 
 COMMON         0x200001d0       0x14 ./src/ThermalManagment.o
                0x200001d0                Timer_3
                0x200001d8                Timer_PWM
                0x200001dc                Timer_2
 *(.bss_end .bss_end.*)
 .bss_end       0x200001e4        0x4 ./system/src/newlib/_startup.o
                0x200001e8                . = ALIGN (0x4)
                0x200001e8                __bss_end__ = .
                0x200001e8                _ebss = .

.noinit_CCMRAM
 *(.noinit.CCMRAM .noinit.CCMRAM.*)

.noinit         0x200001e8        0x0
                0x200001e8                _noinit = .
 *(.noinit .noinit.*)
                0x200001e8                . = ALIGN (0x4)
                0x200001e8                _end_noinit = .
                [!provide]                PROVIDE (end, _end_noinit)
                [!provide]                PROVIDE (_end, _end_noinit)
                [!provide]                PROVIDE (__end, _end_noinit)
                [!provide]                PROVIDE (__end__, _end_noinit)

._check_stack   0x200001e8      0x100
                0x200002e8                . = (. + _Minimum_Stack_Size)
 *fill*         0x200001e8      0x100 

.b1text
 *(.b1text)
 *(.b1rodata)
 *(.b1rodata.*)

.eb0text
 *(.eb0text)
 *(.eb0rodata)
 *(.eb0rodata.*)

.eb1text
 *(.eb1text)
 *(.eb1rodata)
 *(.eb1rodata.*)

.eb2text
 *(.eb2text)
 *(.eb2rodata)
 *(.eb2rodata.*)

.eb3text
 *(.eb3text)
 *(.eb3rodata)
 *(.eb3rodata.*)

.stab
 *(.stab)

.stabstr
 *(.stabstr)

.stab.excl
 *(.stab.excl)

.stab.exclstr
 *(.stab.exclstr)

.stab.index
 *(.stab.index)

.stab.indexstr
 *(.stab.indexstr)

.comment        0x00000000       0x7e
 *(.comment)
 .comment       0x00000000       0x7e ./system/src/newlib/_exit.o
                                 0x7f (size before relaxing)
 .comment       0x0000007e       0x7f ./system/src/newlib/_sbrk.o
 .comment       0x0000007e       0x7f ./system/src/newlib/_startup.o
 .comment       0x0000007e       0x7f ./system/src/newlib/_syscalls.o
 .comment       0x0000007e       0x7f ./system/src/diag/Trace.o
 .comment       0x0000007e       0x7f ./system/src/diag/trace_impl.o
 .comment       0x0000007e       0x7f ./system/src/cortexm/_initialize_hardware.o
 .comment       0x0000007e       0x7f ./system/src/cortexm/exception_handlers.o
 .comment       0x0000007e       0x7f ./system/src/cmsis/system_stm32f10x.o
 .comment       0x0000007e       0x7f ./system/src/cmsis/vectors_stm32f10x.o
 .comment       0x0000007e       0x7f ./src/ADC_program.o
 .comment       0x0000007e       0x7f ./src/BLE.o
 .comment       0x0000007e       0x7f ./src/Battery_Backup.o
 .comment       0x0000007e       0x7f ./src/CellBalancing.o
 .comment       0x0000007e       0x7f ./src/Charge_Control.o
 .comment       0x0000007e       0x7f ./src/DIO_program.o
 .comment       0x0000007e       0x7f ./src/Data_Acqusition.o
 .comment       0x0000007e       0x7f ./src/Display.o
 .comment       0x0000007e       0x7f ./src/LCD.o
 .comment       0x0000007e       0x7f ./src/MULTIPLEXER_program.o
 .comment       0x0000007e       0x7f ./src/RCC_program.o
 .comment       0x0000007e       0x7f ./src/STP.o
 .comment       0x0000007e       0x7f ./src/SYSTICK_program.o
 .comment       0x0000007e       0x7f ./src/TIMER_program.o
 .comment       0x0000007e       0x7f ./src/ThermalManagment.o
 .comment       0x0000007e       0x7f ./src/USART_Program.o
 .comment       0x0000007e       0x7f ./src/delay.o
 .comment       0x0000007e       0x7f ./src/main.o

.ARM.attributes
                0x00000000       0x31
 .ARM.attributes
                0x00000000       0x33 ./system/src/newlib/_exit.o
 .ARM.attributes
                0x00000033       0x33 ./system/src/newlib/_sbrk.o
 .ARM.attributes
                0x00000066       0x33 ./system/src/newlib/_startup.o
 .ARM.attributes
                0x00000099       0x33 ./system/src/newlib/_syscalls.o
 .ARM.attributes
                0x000000cc       0x33 ./system/src/diag/Trace.o
 .ARM.attributes
                0x000000ff       0x33 ./system/src/diag/trace_impl.o
 .ARM.attributes
                0x00000132       0x33 ./system/src/cortexm/_initialize_hardware.o
 .ARM.attributes
                0x00000165       0x33 ./system/src/cortexm/exception_handlers.o
 .ARM.attributes
                0x00000198       0x33 ./system/src/cmsis/system_stm32f10x.o
 .ARM.attributes
                0x000001cb       0x33 ./system/src/cmsis/vectors_stm32f10x.o
 .ARM.attributes
                0x000001fe       0x33 ./src/ADC_program.o
 .ARM.attributes
                0x00000231       0x33 ./src/BLE.o
 .ARM.attributes
                0x00000264       0x33 ./src/Battery_Backup.o
 .ARM.attributes
                0x00000297       0x33 ./src/CellBalancing.o
 .ARM.attributes
                0x000002ca       0x33 ./src/Charge_Control.o
 .ARM.attributes
                0x000002fd       0x33 ./src/DIO_program.o
 .ARM.attributes
                0x00000330       0x33 ./src/Data_Acqusition.o
 .ARM.attributes
                0x00000363       0x33 ./src/Display.o
 .ARM.attributes
                0x00000396       0x33 ./src/LCD.o
 .ARM.attributes
                0x000003c9       0x33 ./src/MULTIPLEXER_program.o
 .ARM.attributes
                0x000003fc       0x33 ./src/RCC_program.o
 .ARM.attributes
                0x0000042f       0x33 ./src/STP.o
 .ARM.attributes
                0x00000462       0x33 ./src/SYSTICK_program.o
 .ARM.attributes
                0x00000495       0x33 ./src/TIMER_program.o
 .ARM.attributes
                0x000004c8       0x33 ./src/ThermalManagment.o
 .ARM.attributes
                0x000004fb       0x33 ./src/USART_Program.o
 .ARM.attributes
                0x0000052e       0x33 ./src/delay.o
 .ARM.attributes
                0x00000561       0x33 ./src/main.o
 .ARM.attributes
                0x00000594       0x1d e:/self_study/embedded/embedded system imt/imt_arm_course/02- tools/03- imt sdk/imt_sdk_win_64/winarm/armgcc/bin/../lib/gcc/arm-none-eabi/7.2.1/thumb/v7-m\libgcc.a(_arm_addsubdf3.o)
 .ARM.attributes
                0x000005b1       0x1d e:/self_study/embedded/embedded system imt/imt_arm_course/02- tools/03- imt sdk/imt_sdk_win_64/winarm/armgcc/bin/../lib/gcc/arm-none-eabi/7.2.1/thumb/v7-m\libgcc.a(_arm_muldivdf3.o)
 .ARM.attributes
                0x000005ce       0x1d e:/self_study/embedded/embedded system imt/imt_arm_course/02- tools/03- imt sdk/imt_sdk_win_64/winarm/armgcc/bin/../lib/gcc/arm-none-eabi/7.2.1/thumb/v7-m\libgcc.a(_arm_cmpdf2.o)
 .ARM.attributes
                0x000005eb       0x1d e:/self_study/embedded/embedded system imt/imt_arm_course/02- tools/03- imt sdk/imt_sdk_win_64/winarm/armgcc/bin/../lib/gcc/arm-none-eabi/7.2.1/thumb/v7-m\libgcc.a(_arm_truncdfsf2.o)
 .ARM.attributes
                0x00000608       0x1d e:/self_study/embedded/embedded system imt/imt_arm_course/02- tools/03- imt sdk/imt_sdk_win_64/winarm/armgcc/bin/../lib/gcc/arm-none-eabi/7.2.1/thumb/v7-m\libgcc.a(_arm_addsubsf3.o)
 .ARM.attributes
                0x00000625       0x1d e:/self_study/embedded/embedded system imt/imt_arm_course/02- tools/03- imt sdk/imt_sdk_win_64/winarm/armgcc/bin/../lib/gcc/arm-none-eabi/7.2.1/thumb/v7-m\libgcc.a(_arm_muldivsf3.o)
 .ARM.attributes
                0x00000642       0x1d e:/self_study/embedded/embedded system imt/imt_arm_course/02- tools/03- imt sdk/imt_sdk_win_64/winarm/armgcc/bin/../lib/gcc/arm-none-eabi/7.2.1/thumb/v7-m\libgcc.a(_arm_cmpsf2.o)
 .ARM.attributes
                0x0000065f       0x1d e:/self_study/embedded/embedded system imt/imt_arm_course/02- tools/03- imt sdk/imt_sdk_win_64/winarm/armgcc/bin/../lib/gcc/arm-none-eabi/7.2.1/thumb/v7-m\libgcc.a(_arm_fixunssfsi.o)
 .ARM.attributes
                0x0000067c       0x2d e:/self_study/embedded/embedded system imt/imt_arm_course/02- tools/03- imt sdk/imt_sdk_win_64/winarm/armgcc/bin/../lib/gcc/arm-none-eabi/7.2.1/../../../../arm-none-eabi/lib/thumb/v7-m\libg_nano.a(lib_a-efgcvt.o)
 .ARM.attributes
                0x000006a9       0x2d e:/self_study/embedded/embedded system imt/imt_arm_course/02- tools/03- imt sdk/imt_sdk_win_64/winarm/armgcc/bin/../lib/gcc/arm-none-eabi/7.2.1/../../../../arm-none-eabi/lib/thumb/v7-m\libg_nano.a(lib_a-errno.o)
 .ARM.attributes
                0x000006d6       0x2d e:/self_study/embedded/embedded system imt/imt_arm_course/02- tools/03- imt sdk/imt_sdk_win_64/winarm/armgcc/bin/../lib/gcc/arm-none-eabi/7.2.1/../../../../arm-none-eabi/lib/thumb/v7-m\libg_nano.a(lib_a-impure.o)
 .ARM.attributes
                0x00000703       0x2d e:/self_study/embedded/embedded system imt/imt_arm_course/02- tools/03- imt sdk/imt_sdk_win_64/winarm/armgcc/bin/../lib/gcc/arm-none-eabi/7.2.1/../../../../arm-none-eabi/lib/thumb/v7-m\libg_nano.a(lib_a-itoa.o)
 .ARM.attributes
                0x00000730       0x2d e:/self_study/embedded/embedded system imt/imt_arm_course/02- tools/03- imt sdk/imt_sdk_win_64/winarm/armgcc/bin/../lib/gcc/arm-none-eabi/7.2.1/../../../../arm-none-eabi/lib/thumb/v7-m\libg_nano.a(lib_a-utoa.o)
 .ARM.attributes
                0x0000075d       0x2d e:/self_study/embedded/embedded system imt/imt_arm_course/02- tools/03- imt sdk/imt_sdk_win_64/winarm/armgcc/bin/../lib/gcc/arm-none-eabi/7.2.1/../../../../arm-none-eabi/lib/thumb/v7-m\libg_nano.a(lib_a-vsnprintf.o)
 .ARM.attributes
                0x0000078a       0x2d e:/self_study/embedded/embedded system imt/imt_arm_course/02- tools/03- imt sdk/imt_sdk_win_64/winarm/armgcc/bin/../lib/gcc/arm-none-eabi/7.2.1/../../../../arm-none-eabi/lib/thumb/v7-m\libg_nano.a(lib_a-ecvtbuf.o)
 .ARM.attributes
                0x000007b7       0x2d e:/self_study/embedded/embedded system imt/imt_arm_course/02- tools/03- imt sdk/imt_sdk_win_64/winarm/armgcc/bin/../lib/gcc/arm-none-eabi/7.2.1/../../../../arm-none-eabi/lib/thumb/v7-m\libg_nano.a(lib_a-mprec.o)
 .ARM.attributes
                0x000007e4       0x2d e:/self_study/embedded/embedded system imt/imt_arm_course/02- tools/03- imt sdk/imt_sdk_win_64/winarm/armgcc/bin/../lib/gcc/arm-none-eabi/7.2.1/../../../../arm-none-eabi/lib/thumb/v7-m\libg_nano.a(lib_a-nano-callocr.o)
 .ARM.attributes
                0x00000811       0x2d e:/self_study/embedded/embedded system imt/imt_arm_course/02- tools/03- imt sdk/imt_sdk_win_64/winarm/armgcc/bin/../lib/gcc/arm-none-eabi/7.2.1/../../../../arm-none-eabi/lib/thumb/v7-m\libg_nano.a(lib_a-nano-mallocr.o)
 .ARM.attributes
                0x0000083e       0x2d e:/self_study/embedded/embedded system imt/imt_arm_course/02- tools/03- imt sdk/imt_sdk_win_64/winarm/armgcc/bin/../lib/gcc/arm-none-eabi/7.2.1/../../../../arm-none-eabi/lib/thumb/v7-m\libg_nano.a(lib_a-nano-reallocr.o)
 .ARM.attributes
                0x0000086b       0x2d e:/self_study/embedded/embedded system imt/imt_arm_course/02- tools/03- imt sdk/imt_sdk_win_64/winarm/armgcc/bin/../lib/gcc/arm-none-eabi/7.2.1/../../../../arm-none-eabi/lib/thumb/v7-m\libg_nano.a(lib_a-nano-svfprintf.o)
 .ARM.attributes
                0x00000898       0x2d e:/self_study/embedded/embedded system imt/imt_arm_course/02- tools/03- imt sdk/imt_sdk_win_64/winarm/armgcc/bin/../lib/gcc/arm-none-eabi/7.2.1/../../../../arm-none-eabi/lib/thumb/v7-m\libg_nano.a(lib_a-nano-vfprintf_i.o)
 .ARM.attributes
                0x000008c5       0x2d e:/self_study/embedded/embedded system imt/imt_arm_course/02- tools/03- imt sdk/imt_sdk_win_64/winarm/armgcc/bin/../lib/gcc/arm-none-eabi/7.2.1/../../../../arm-none-eabi/lib/thumb/v7-m\libg_nano.a(lib_a-sbrkr.o)
 .ARM.attributes
                0x000008f2       0x2d e:/self_study/embedded/embedded system imt/imt_arm_course/02- tools/03- imt sdk/imt_sdk_win_64/winarm/armgcc/bin/../lib/gcc/arm-none-eabi/7.2.1/../../../../arm-none-eabi/lib/thumb/v7-m\libg_nano.a(lib_a-strcpy.o)
 .ARM.attributes
                0x0000091f       0x2d e:/self_study/embedded/embedded system imt/imt_arm_course/02- tools/03- imt sdk/imt_sdk_win_64/winarm/armgcc/bin/../lib/gcc/arm-none-eabi/7.2.1/../../../../arm-none-eabi/lib/thumb/v7-m\libg_nano.a(lib_a-dtoa.o)
 .ARM.attributes
                0x0000094c       0x2d e:/self_study/embedded/embedded system imt/imt_arm_course/02- tools/03- imt sdk/imt_sdk_win_64/winarm/armgcc/bin/../lib/gcc/arm-none-eabi/7.2.1/../../../../arm-none-eabi/lib/thumb/v7-m\libg_nano.a(lib_a-malloc.o)
 .ARM.attributes
                0x00000979       0x2d e:/self_study/embedded/embedded system imt/imt_arm_course/02- tools/03- imt sdk/imt_sdk_win_64/winarm/armgcc/bin/../lib/gcc/arm-none-eabi/7.2.1/../../../../arm-none-eabi/lib/thumb/v7-m\libg_nano.a(lib_a-memchr-stub.o)
 .ARM.attributes
                0x000009a6       0x2d e:/self_study/embedded/embedded system imt/imt_arm_course/02- tools/03- imt sdk/imt_sdk_win_64/winarm/armgcc/bin/../lib/gcc/arm-none-eabi/7.2.1/../../../../arm-none-eabi/lib/thumb/v7-m\libg_nano.a(lib_a-memcpy-stub.o)
 .ARM.attributes
                0x000009d3       0x2d e:/self_study/embedded/embedded system imt/imt_arm_course/02- tools/03- imt sdk/imt_sdk_win_64/winarm/armgcc/bin/../lib/gcc/arm-none-eabi/7.2.1/../../../../arm-none-eabi/lib/thumb/v7-m\libg_nano.a(lib_a-memmove.o)
 .ARM.attributes
                0x00000a00       0x2d e:/self_study/embedded/embedded system imt/imt_arm_course/02- tools/03- imt sdk/imt_sdk_win_64/winarm/armgcc/bin/../lib/gcc/arm-none-eabi/7.2.1/../../../../arm-none-eabi/lib/thumb/v7-m\libg_nano.a(lib_a-memset.o)
 .ARM.attributes
                0x00000a2d       0x2d e:/self_study/embedded/embedded system imt/imt_arm_course/02- tools/03- imt sdk/imt_sdk_win_64/winarm/armgcc/bin/../lib/gcc/arm-none-eabi/7.2.1/../../../../arm-none-eabi/lib/thumb/v7-m\libg_nano.a(lib_a-mlock.o)
 .ARM.attributes
                0x00000a5a       0x2d e:/self_study/embedded/embedded system imt/imt_arm_course/02- tools/03- imt sdk/imt_sdk_win_64/winarm/armgcc/bin/../lib/gcc/arm-none-eabi/7.2.1/../../../../arm-none-eabi/lib/thumb/v7-m\libg_nano.a(lib_a-nano-freer.o)
 .ARM.attributes
                0x00000a87       0x2d e:/self_study/embedded/embedded system imt/imt_arm_course/02- tools/03- imt sdk/imt_sdk_win_64/winarm/armgcc/bin/../lib/gcc/arm-none-eabi/7.2.1/../../../../arm-none-eabi/lib/thumb/v7-m\libg_nano.a(lib_a-nano-msizer.o)
 .ARM.attributes
                0x00000ab4       0x1d e:/self_study/embedded/embedded system imt/imt_arm_course/02- tools/03- imt sdk/imt_sdk_win_64/winarm/armgcc/bin/../lib/gcc/arm-none-eabi/7.2.1/thumb/v7-m\libgcc.a(_arm_fixdfsi.o)

.debug
 *(.debug)

.line
 *(.line)

.debug_srcinfo
 *(.debug_srcinfo)

.debug_sfnames
 *(.debug_sfnames)

.debug_aranges  0x00000000      0x600
 *(.debug_aranges)
 .debug_aranges
                0x00000000       0x28 ./system/src/newlib/_exit.o
 .debug_aranges
                0x00000028       0x20 ./system/src/newlib/_sbrk.o
 .debug_aranges
                0x00000048       0x40 ./system/src/newlib/_startup.o
 .debug_aranges
                0x00000088       0x30 ./system/src/newlib/_syscalls.o
 .debug_aranges
                0x000000b8       0x38 ./system/src/diag/Trace.o
 .debug_aranges
                0x000000f0       0x30 ./system/src/diag/trace_impl.o
 .debug_aranges
                0x00000120       0x28 ./system/src/cortexm/_initialize_hardware.o
 .debug_aranges
                0x00000148       0x90 ./system/src/cortexm/exception_handlers.o
 .debug_aranges
                0x000001d8       0x38 ./system/src/cmsis/system_stm32f10x.o
 .debug_aranges
                0x00000210       0x20 ./system/src/cmsis/vectors_stm32f10x.o
 .debug_aranges
                0x00000230       0x30 ./src/ADC_program.o
 .debug_aranges
                0x00000260       0x28 ./src/BLE.o
 .debug_aranges
                0x00000288       0x30 ./src/Battery_Backup.o
 .debug_aranges
                0x000002b8       0x20 ./src/CellBalancing.o
 .debug_aranges
                0x000002d8       0x38 ./src/Charge_Control.o
 .debug_aranges
                0x00000310       0x38 ./src/DIO_program.o
 .debug_aranges
                0x00000348       0x48 ./src/Data_Acqusition.o
 .debug_aranges
                0x00000390       0x30 ./src/Display.o
 .debug_aranges
                0x000003c0       0x68 ./src/LCD.o
 .debug_aranges
                0x00000428       0x28 ./src/MULTIPLEXER_program.o
 .debug_aranges
                0x00000450       0x30 ./src/RCC_program.o
 .debug_aranges
                0x00000480       0x28 ./src/STP.o
 .debug_aranges
                0x000004a8       0x58 ./src/SYSTICK_program.o
 .debug_aranges
                0x00000500       0x40 ./src/TIMER_program.o
 .debug_aranges
                0x00000540       0x40 ./src/ThermalManagment.o
 .debug_aranges
                0x00000580       0x30 ./src/USART_Program.o
 .debug_aranges
                0x000005b0       0x30 ./src/delay.o
 .debug_aranges
                0x000005e0       0x20 ./src/main.o

.debug_pubnames
 *(.debug_pubnames)

.debug_info     0x00000000     0x9478
 *(.debug_info .gnu.linkonce.wi.*)
 .debug_info    0x00000000      0x956 ./system/src/newlib/_exit.o
 .debug_info    0x00000956      0x942 ./system/src/newlib/_sbrk.o
 .debug_info    0x00001298      0x42e ./system/src/newlib/_startup.o
 .debug_info    0x000016c6      0xa19 ./system/src/newlib/_syscalls.o
 .debug_info    0x000020df      0xb2a ./system/src/diag/Trace.o
 .debug_info    0x00002c09      0x363 ./system/src/diag/trace_impl.o
 .debug_info    0x00002f6c      0x2b5 ./system/src/cortexm/_initialize_hardware.o
 .debug_info    0x00003221     0x1140 ./system/src/cortexm/exception_handlers.o
 .debug_info    0x00004361      0x494 ./system/src/cmsis/system_stm32f10x.o
 .debug_info    0x000047f5       0xca ./system/src/cmsis/vectors_stm32f10x.o
 .debug_info    0x000048bf       0xb2 ./src/ADC_program.o
 .debug_info    0x00004971      0x225 ./src/BLE.o
 .debug_info    0x00004b96      0x4af ./src/Battery_Backup.o
 .debug_info    0x00005045      0x195 ./src/CellBalancing.o
 .debug_info    0x000051da      0x37b ./src/Charge_Control.o
 .debug_info    0x00005555      0x159 ./src/DIO_program.o
 .debug_info    0x000056ae      0x39b ./src/Data_Acqusition.o
 .debug_info    0x00005a49      0x500 ./src/Display.o
 .debug_info    0x00005f49      0xfbe ./src/LCD.o
 .debug_info    0x00006f07      0x877 ./src/MULTIPLEXER_program.o
 .debug_info    0x0000777e       0xfa ./src/RCC_program.o
 .debug_info    0x00007878      0x296 ./src/STP.o
 .debug_info    0x00007b0e      0x1aa ./src/SYSTICK_program.o
 .debug_info    0x00007cb8      0x317 ./src/TIMER_program.o
 .debug_info    0x00007fcf      0xe99 ./src/ThermalManagment.o
 .debug_info    0x00008e68      0x15f ./src/USART_Program.o
 .debug_info    0x00008fc7      0x120 ./src/delay.o
 .debug_info    0x000090e7      0x391 ./src/main.o

.debug_abbrev   0x00000000     0x254d
 *(.debug_abbrev)
 .debug_abbrev  0x00000000      0x1f3 ./system/src/newlib/_exit.o
 .debug_abbrev  0x000001f3      0x1fc ./system/src/newlib/_sbrk.o
 .debug_abbrev  0x000003ef      0x1b3 ./system/src/newlib/_startup.o
 .debug_abbrev  0x000005a2      0x234 ./system/src/newlib/_syscalls.o
 .debug_abbrev  0x000007d6      0x276 ./system/src/diag/Trace.o
 .debug_abbrev  0x00000a4c      0x1e2 ./system/src/diag/trace_impl.o
 .debug_abbrev  0x00000c2e       0xea ./system/src/cortexm/_initialize_hardware.o
 .debug_abbrev  0x00000d18      0x32b ./system/src/cortexm/exception_handlers.o
 .debug_abbrev  0x00001043      0x177 ./system/src/cmsis/system_stm32f10x.o
 .debug_abbrev  0x000011ba       0x9d ./system/src/cmsis/vectors_stm32f10x.o
 .debug_abbrev  0x00001257       0x61 ./src/ADC_program.o
 .debug_abbrev  0x000012b8      0x125 ./src/BLE.o
 .debug_abbrev  0x000013dd      0x123 ./src/Battery_Backup.o
 .debug_abbrev  0x00001500       0xd8 ./src/CellBalancing.o
 .debug_abbrev  0x000015d8      0x14a ./src/Charge_Control.o
 .debug_abbrev  0x00001722       0xc2 ./src/DIO_program.o
 .debug_abbrev  0x000017e4      0x18f ./src/Data_Acqusition.o
 .debug_abbrev  0x00001973      0x12e ./src/Display.o
 .debug_abbrev  0x00001aa1      0x2ef ./src/LCD.o
 .debug_abbrev  0x00001d90       0x8d ./src/MULTIPLEXER_program.o
 .debug_abbrev  0x00001e1d       0x7f ./src/RCC_program.o
 .debug_abbrev  0x00001e9c       0xbf ./src/STP.o
 .debug_abbrev  0x00001f5b       0xe8 ./src/SYSTICK_program.o
 .debug_abbrev  0x00002043      0x13d ./src/TIMER_program.o
 .debug_abbrev  0x00002180      0x15f ./src/ThermalManagment.o
 .debug_abbrev  0x000022df       0xd9 ./src/USART_Program.o
 .debug_abbrev  0x000023b8       0x8b ./src/delay.o
 .debug_abbrev  0x00002443      0x10a ./src/main.o

.debug_line     0x00000000     0x4ba5
 *(.debug_line)
 .debug_line    0x00000000      0x42b ./system/src/newlib/_exit.o
 .debug_line    0x0000042b      0x3df ./system/src/newlib/_sbrk.o
 .debug_line    0x0000080a      0x499 ./system/src/newlib/_startup.o
 .debug_line    0x00000ca3      0x52c ./system/src/newlib/_syscalls.o
 .debug_line    0x000011cf      0x4a7 ./system/src/diag/Trace.o
 .debug_line    0x00001676      0x714 ./system/src/diag/trace_impl.o
 .debug_line    0x00001d8a      0x3ab ./system/src/cortexm/_initialize_hardware.o
 .debug_line    0x00002135      0x7d6 ./system/src/cortexm/exception_handlers.o
 .debug_line    0x0000290b      0x41e ./system/src/cmsis/system_stm32f10x.o
 .debug_line    0x00002d29      0x137 ./system/src/cmsis/vectors_stm32f10x.o
 .debug_line    0x00002e60       0xf6 ./src/ADC_program.o
 .debug_line    0x00002f56      0x157 ./src/BLE.o
 .debug_line    0x000030ad      0x142 ./src/Battery_Backup.o
 .debug_line    0x000031ef       0xf1 ./src/CellBalancing.o
 .debug_line    0x000032e0      0x181 ./src/Charge_Control.o
 .debug_line    0x00003461      0x115 ./src/DIO_program.o
 .debug_line    0x00003576      0x1d4 ./src/Data_Acqusition.o
 .debug_line    0x0000374a      0x1d4 ./src/Display.o
 .debug_line    0x0000391e      0x5a8 ./src/LCD.o
 .debug_line    0x00003ec6      0x126 ./src/MULTIPLEXER_program.o
 .debug_line    0x00003fec       0xd5 ./src/RCC_program.o
 .debug_line    0x000040c1       0xfc ./src/STP.o
 .debug_line    0x000041bd      0x144 ./src/SYSTICK_program.o
 .debug_line    0x00004301      0x2ac ./src/TIMER_program.o
 .debug_line    0x000045ad      0x2f8 ./src/ThermalManagment.o
 .debug_line    0x000048a5      0x104 ./src/USART_Program.o
 .debug_line    0x000049a9       0xac ./src/delay.o
 .debug_line    0x00004a55      0x150 ./src/main.o

.debug_frame    0x00000000     0x177c
 *(.debug_frame)
 .debug_frame   0x00000000       0x38 ./system/src/newlib/_exit.o
 .debug_frame   0x00000038       0x28 ./system/src/newlib/_sbrk.o
 .debug_frame   0x00000060       0x7c ./system/src/newlib/_startup.o
 .debug_frame   0x000000dc       0x50 ./system/src/newlib/_syscalls.o
 .debug_frame   0x0000012c       0x94 ./system/src/diag/Trace.o
 .debug_frame   0x000001c0       0x64 ./system/src/diag/trace_impl.o
 .debug_frame   0x00000224       0x40 ./system/src/cortexm/_initialize_hardware.o
 .debug_frame   0x00000264      0x158 ./system/src/cortexm/exception_handlers.o
 .debug_frame   0x000003bc       0x6c ./system/src/cmsis/system_stm32f10x.o
 .debug_frame   0x00000428       0x20 ./system/src/cmsis/vectors_stm32f10x.o
 .debug_frame   0x00000448       0x40 ./src/ADC_program.o
 .debug_frame   0x00000488       0x54 ./src/BLE.o
 .debug_frame   0x000004dc       0x60 ./src/Battery_Backup.o
 .debug_frame   0x0000053c       0x30 ./src/CellBalancing.o
 .debug_frame   0x0000056c       0x80 ./src/Charge_Control.o
 .debug_frame   0x000005ec       0x5c ./src/DIO_program.o
 .debug_frame   0x00000648       0xac ./src/Data_Acqusition.o
 .debug_frame   0x000006f4       0x64 ./src/Display.o
 .debug_frame   0x00000758      0x118 ./src/LCD.o
 .debug_frame   0x00000870       0x40 ./src/MULTIPLEXER_program.o
 .debug_frame   0x000008b0       0x40 ./src/RCC_program.o
 .debug_frame   0x000008f0       0x44 ./src/STP.o
 .debug_frame   0x00000934       0x9c ./src/SYSTICK_program.o
 .debug_frame   0x000009d0       0x70 ./src/TIMER_program.o
 .debug_frame   0x00000a40       0x84 ./src/ThermalManagment.o
 .debug_frame   0x00000ac4       0x40 ./src/USART_Program.o
 .debug_frame   0x00000b04       0x58 ./src/delay.o
 .debug_frame   0x00000b5c       0x28 ./src/main.o
 .debug_frame   0x00000b84       0xac e:/self_study/embedded/embedded system imt/imt_arm_course/02- tools/03- imt sdk/imt_sdk_win_64/winarm/armgcc/bin/../lib/gcc/arm-none-eabi/7.2.1/thumb/v7-m\libgcc.a(_arm_addsubdf3.o)
 .debug_frame   0x00000c30       0x50 e:/self_study/embedded/embedded system imt/imt_arm_course/02- tools/03- imt sdk/imt_sdk_win_64/winarm/armgcc/bin/../lib/gcc/arm-none-eabi/7.2.1/thumb/v7-m\libgcc.a(_arm_muldivdf3.o)
 .debug_frame   0x00000c80       0xc4 e:/self_study/embedded/embedded system imt/imt_arm_course/02- tools/03- imt sdk/imt_sdk_win_64/winarm/armgcc/bin/../lib/gcc/arm-none-eabi/7.2.1/thumb/v7-m\libgcc.a(_arm_cmpdf2.o)
 .debug_frame   0x00000d44       0x24 e:/self_study/embedded/embedded system imt/imt_arm_course/02- tools/03- imt sdk/imt_sdk_win_64/winarm/armgcc/bin/../lib/gcc/arm-none-eabi/7.2.1/thumb/v7-m\libgcc.a(_arm_truncdfsf2.o)
 .debug_frame   0x00000d68       0x4c e:/self_study/embedded/embedded system imt/imt_arm_course/02- tools/03- imt sdk/imt_sdk_win_64/winarm/armgcc/bin/../lib/gcc/arm-none-eabi/7.2.1/thumb/v7-m\libgcc.a(_arm_addsubsf3.o)
 .debug_frame   0x00000db4       0x38 e:/self_study/embedded/embedded system imt/imt_arm_course/02- tools/03- imt sdk/imt_sdk_win_64/winarm/armgcc/bin/../lib/gcc/arm-none-eabi/7.2.1/thumb/v7-m\libgcc.a(_arm_muldivsf3.o)
 .debug_frame   0x00000dec       0xc8 e:/self_study/embedded/embedded system imt/imt_arm_course/02- tools/03- imt sdk/imt_sdk_win_64/winarm/armgcc/bin/../lib/gcc/arm-none-eabi/7.2.1/thumb/v7-m\libgcc.a(_arm_cmpsf2.o)
 .debug_frame   0x00000eb4       0x24 e:/self_study/embedded/embedded system imt/imt_arm_course/02- tools/03- imt sdk/imt_sdk_win_64/winarm/armgcc/bin/../lib/gcc/arm-none-eabi/7.2.1/thumb/v7-m\libgcc.a(_arm_fixunssfsi.o)
 .debug_frame   0x00000ed8       0xd0 e:/self_study/embedded/embedded system imt/imt_arm_course/02- tools/03- imt sdk/imt_sdk_win_64/winarm/armgcc/bin/../lib/gcc/arm-none-eabi/7.2.1/../../../../arm-none-eabi/lib/thumb/v7-m\libg_nano.a(lib_a-efgcvt.o)
 .debug_frame   0x00000fa8       0x20 e:/self_study/embedded/embedded system imt/imt_arm_course/02- tools/03- imt sdk/imt_sdk_win_64/winarm/armgcc/bin/../lib/gcc/arm-none-eabi/7.2.1/../../../../arm-none-eabi/lib/thumb/v7-m\libg_nano.a(lib_a-errno.o)
 .debug_frame   0x00000fc8       0x38 e:/self_study/embedded/embedded system imt/imt_arm_course/02- tools/03- imt sdk/imt_sdk_win_64/winarm/armgcc/bin/../lib/gcc/arm-none-eabi/7.2.1/../../../../arm-none-eabi/lib/thumb/v7-m\libg_nano.a(lib_a-itoa.o)
 .debug_frame   0x00001000       0x48 e:/self_study/embedded/embedded system imt/imt_arm_course/02- tools/03- imt sdk/imt_sdk_win_64/winarm/armgcc/bin/../lib/gcc/arm-none-eabi/7.2.1/../../../../arm-none-eabi/lib/thumb/v7-m\libg_nano.a(lib_a-utoa.o)
 .debug_frame   0x00001048       0x4c e:/self_study/embedded/embedded system imt/imt_arm_course/02- tools/03- imt sdk/imt_sdk_win_64/winarm/armgcc/bin/../lib/gcc/arm-none-eabi/7.2.1/../../../../arm-none-eabi/lib/thumb/v7-m\libg_nano.a(lib_a-vsnprintf.o)
 .debug_frame   0x00001094       0xf0 e:/self_study/embedded/embedded system imt/imt_arm_course/02- tools/03- imt sdk/imt_sdk_win_64/winarm/armgcc/bin/../lib/gcc/arm-none-eabi/7.2.1/../../../../arm-none-eabi/lib/thumb/v7-m\libg_nano.a(lib_a-ecvtbuf.o)
 .debug_frame   0x00001184      0x248 e:/self_study/embedded/embedded system imt/imt_arm_course/02- tools/03- imt sdk/imt_sdk_win_64/winarm/armgcc/bin/../lib/gcc/arm-none-eabi/7.2.1/../../../../arm-none-eabi/lib/thumb/v7-m\libg_nano.a(lib_a-mprec.o)
 .debug_frame   0x000013cc       0x2c e:/self_study/embedded/embedded system imt/imt_arm_course/02- tools/03- imt sdk/imt_sdk_win_64/winarm/armgcc/bin/../lib/gcc/arm-none-eabi/7.2.1/../../../../arm-none-eabi/lib/thumb/v7-m\libg_nano.a(lib_a-nano-callocr.o)
 .debug_frame   0x000013f8       0x2c e:/self_study/embedded/embedded system imt/imt_arm_course/02- tools/03- imt sdk/imt_sdk_win_64/winarm/armgcc/bin/../lib/gcc/arm-none-eabi/7.2.1/../../../../arm-none-eabi/lib/thumb/v7-m\libg_nano.a(lib_a-nano-mallocr.o)
 .debug_frame   0x00001424       0x3c e:/self_study/embedded/embedded system imt/imt_arm_course/02- tools/03- imt sdk/imt_sdk_win_64/winarm/armgcc/bin/../lib/gcc/arm-none-eabi/7.2.1/../../../../arm-none-eabi/lib/thumb/v7-m\libg_nano.a(lib_a-nano-reallocr.o)
 .debug_frame   0x00001460       0x90 e:/self_study/embedded/embedded system imt/imt_arm_course/02- tools/03- imt sdk/imt_sdk_win_64/winarm/armgcc/bin/../lib/gcc/arm-none-eabi/7.2.1/../../../../arm-none-eabi/lib/thumb/v7-m\libg_nano.a(lib_a-nano-svfprintf.o)
 .debug_frame   0x000014f0       0x60 e:/self_study/embedded/embedded system imt/imt_arm_course/02- tools/03- imt sdk/imt_sdk_win_64/winarm/armgcc/bin/../lib/gcc/arm-none-eabi/7.2.1/../../../../arm-none-eabi/lib/thumb/v7-m\libg_nano.a(lib_a-nano-vfprintf_i.o)
 .debug_frame   0x00001550       0x2c e:/self_study/embedded/embedded system imt/imt_arm_course/02- tools/03- imt sdk/imt_sdk_win_64/winarm/armgcc/bin/../lib/gcc/arm-none-eabi/7.2.1/../../../../arm-none-eabi/lib/thumb/v7-m\libg_nano.a(lib_a-sbrkr.o)
 .debug_frame   0x0000157c       0x20 e:/self_study/embedded/embedded system imt/imt_arm_course/02- tools/03- imt sdk/imt_sdk_win_64/winarm/armgcc/bin/../lib/gcc/arm-none-eabi/7.2.1/../../../../arm-none-eabi/lib/thumb/v7-m\libg_nano.a(lib_a-strcpy.o)
 .debug_frame   0x0000159c       0x6c e:/self_study/embedded/embedded system imt/imt_arm_course/02- tools/03- imt sdk/imt_sdk_win_64/winarm/armgcc/bin/../lib/gcc/arm-none-eabi/7.2.1/../../../../arm-none-eabi/lib/thumb/v7-m\libg_nano.a(lib_a-dtoa.o)
 .debug_frame   0x00001608       0x30 e:/self_study/embedded/embedded system imt/imt_arm_course/02- tools/03- imt sdk/imt_sdk_win_64/winarm/armgcc/bin/../lib/gcc/arm-none-eabi/7.2.1/../../../../arm-none-eabi/lib/thumb/v7-m\libg_nano.a(lib_a-malloc.o)
 .debug_frame   0x00001638       0x28 e:/self_study/embedded/embedded system imt/imt_arm_course/02- tools/03- imt sdk/imt_sdk_win_64/winarm/armgcc/bin/../lib/gcc/arm-none-eabi/7.2.1/../../../../arm-none-eabi/lib/thumb/v7-m\libg_nano.a(lib_a-memchr-stub.o)
 .debug_frame   0x00001660       0x28 e:/self_study/embedded/embedded system imt/imt_arm_course/02- tools/03- imt sdk/imt_sdk_win_64/winarm/armgcc/bin/../lib/gcc/arm-none-eabi/7.2.1/../../../../arm-none-eabi/lib/thumb/v7-m\libg_nano.a(lib_a-memcpy-stub.o)
 .debug_frame   0x00001688       0x28 e:/self_study/embedded/embedded system imt/imt_arm_course/02- tools/03- imt sdk/imt_sdk_win_64/winarm/armgcc/bin/../lib/gcc/arm-none-eabi/7.2.1/../../../../arm-none-eabi/lib/thumb/v7-m\libg_nano.a(lib_a-memmove.o)
 .debug_frame   0x000016b0       0x20 e:/self_study/embedded/embedded system imt/imt_arm_course/02- tools/03- imt sdk/imt_sdk_win_64/winarm/armgcc/bin/../lib/gcc/arm-none-eabi/7.2.1/../../../../arm-none-eabi/lib/thumb/v7-m\libg_nano.a(lib_a-memset.o)
 .debug_frame   0x000016d0       0x30 e:/self_study/embedded/embedded system imt/imt_arm_course/02- tools/03- imt sdk/imt_sdk_win_64/winarm/armgcc/bin/../lib/gcc/arm-none-eabi/7.2.1/../../../../arm-none-eabi/lib/thumb/v7-m\libg_nano.a(lib_a-mlock.o)
 .debug_frame   0x00001700       0x38 e:/self_study/embedded/embedded system imt/imt_arm_course/02- tools/03- imt sdk/imt_sdk_win_64/winarm/armgcc/bin/../lib/gcc/arm-none-eabi/7.2.1/../../../../arm-none-eabi/lib/thumb/v7-m\libg_nano.a(lib_a-nano-freer.o)
 .debug_frame   0x00001738       0x20 e:/self_study/embedded/embedded system imt/imt_arm_course/02- tools/03- imt sdk/imt_sdk_win_64/winarm/armgcc/bin/../lib/gcc/arm-none-eabi/7.2.1/../../../../arm-none-eabi/lib/thumb/v7-m\libg_nano.a(lib_a-nano-msizer.o)
 .debug_frame   0x00001758       0x24 e:/self_study/embedded/embedded system imt/imt_arm_course/02- tools/03- imt sdk/imt_sdk_win_64/winarm/armgcc/bin/../lib/gcc/arm-none-eabi/7.2.1/thumb/v7-m\libgcc.a(_arm_fixdfsi.o)

.debug_str      0x00000000    0x59d62
 *(.debug_str)
 .debug_str     0x00000000     0x7d31 ./system/src/newlib/_exit.o
                               0x7f04 (size before relaxing)
 .debug_str     0x00007d31      0x4f5 ./system/src/newlib/_sbrk.o
                               0x72b6 (size before relaxing)
 .debug_str     0x00008226      0xbbd ./system/src/newlib/_startup.o
                               0x69f1 (size before relaxing)
 .debug_str     0x00008de3      0xe8b ./system/src/newlib/_syscalls.o
                               0x8191 (size before relaxing)
 .debug_str     0x00009c6e      0x826 ./system/src/diag/Trace.o
                               0x867c (size before relaxing)
 .debug_str     0x0000a494    0x4b2b9 ./system/src/diag/trace_impl.o
                              0x52a62 (size before relaxing)
 .debug_str     0x0005574d       0xc4 ./system/src/cortexm/_initialize_hardware.o
                              0x4e853 (size before relaxing)
 .debug_str     0x00055811      0x1a6 ./system/src/cortexm/exception_handlers.o
                              0x53c87 (size before relaxing)
 .debug_str     0x000559b7      0x114 ./system/src/cmsis/system_stm32f10x.o
                              0x4e8ed (size before relaxing)
 .debug_str     0x00055acb       0x57 ./system/src/cmsis/vectors_stm32f10x.o
                               0x3892 (size before relaxing)
 .debug_str     0x00055b22      0xb5f ./src/ADC_program.o
                               0x3931 (size before relaxing)
 .debug_str     0x00056681      0x359 ./src/BLE.o
                               0x354b (size before relaxing)
 .debug_str     0x000569da      0x126 ./src/Battery_Backup.o
                               0x35d6 (size before relaxing)
 .debug_str     0x00056b00       0xaf ./src/CellBalancing.o
                               0x32f8 (size before relaxing)
 .debug_str     0x00056baf       0xdf ./src/Charge_Control.o
                               0x360d (size before relaxing)
 .debug_str     0x00056c8e      0x54b ./src/DIO_program.o
                               0x3744 (size before relaxing)
 .debug_str     0x000571d9      0x137 ./src/Data_Acqusition.o
                               0x38f9 (size before relaxing)
 .debug_str     0x00057310     0x159c ./src/Display.o
                               0x4f3e (size before relaxing)
 .debug_str     0x000588ac      0xec1 ./src/LCD.o
                               0x9101 (size before relaxing)
 .debug_str     0x0005976d       0x72 ./src/MULTIPLEXER_program.o
                               0x3298 (size before relaxing)
 .debug_str     0x000597df       0x93 ./src/RCC_program.o
                               0x31e2 (size before relaxing)
 .debug_str     0x00059872       0xd0 ./src/STP.o
                               0x3375 (size before relaxing)
 .debug_str     0x00059942      0x1ba ./src/SYSTICK_program.o
                               0x31bc (size before relaxing)
 .debug_str     0x00059afc       0x83 ./src/TIMER_program.o
                               0x45b1 (size before relaxing)
 .debug_str     0x00059b7f       0xb8 ./src/ThermalManagment.o
                               0x4fe7 (size before relaxing)
 .debug_str     0x00059c37      0x102 ./src/USART_Program.o
                               0x3314 (size before relaxing)
 .debug_str     0x00059d39        0xf ./src/delay.o
                               0x3039 (size before relaxing)
 .debug_str     0x00059d48       0x1a ./src/main.o
                               0x3480 (size before relaxing)

.debug_loc      0x00000000     0x1afa
 *(.debug_loc)
 .debug_loc     0x00000000       0x85 ./system/src/newlib/_sbrk.o
 .debug_loc     0x00000085      0x1a9 ./system/src/newlib/_startup.o
 .debug_loc     0x0000022e       0x63 ./system/src/newlib/_syscalls.o
 .debug_loc     0x00000291       0xf6 ./system/src/diag/Trace.o
 .debug_loc     0x00000387      0x121 ./system/src/diag/trace_impl.o
 .debug_loc     0x000004a8      0x291 ./system/src/cortexm/exception_handlers.o
 .debug_loc     0x00000739       0xdf ./system/src/cmsis/system_stm32f10x.o
 .debug_loc     0x00000818       0xda ./src/BLE.o
 .debug_loc     0x000008f2       0x4b ./src/Battery_Backup.o
 .debug_loc     0x0000093d       0x2a ./src/CellBalancing.o
 .debug_loc     0x00000967      0x10a ./src/Charge_Control.o
 .debug_loc     0x00000a71      0x38a ./src/DIO_program.o
 .debug_loc     0x00000dfb      0x12f ./src/Data_Acqusition.o
 .debug_loc     0x00000f2a       0x54 ./src/Display.o
 .debug_loc     0x00000f7e      0x2b2 ./src/LCD.o
 .debug_loc     0x00001230      0x198 ./src/MULTIPLEXER_program.o
 .debug_loc     0x000013c8       0xa6 ./src/RCC_program.o
 .debug_loc     0x0000146e       0x6a ./src/STP.o
 .debug_loc     0x000014d8       0x42 ./src/SYSTICK_program.o
 .debug_loc     0x0000151a      0x43e ./src/TIMER_program.o
 .debug_loc     0x00001958      0x136 ./src/ThermalManagment.o
 .debug_loc     0x00001a8e       0x2a ./src/USART_Program.o
 .debug_loc     0x00001ab8       0x42 ./src/delay.o

.debug_macinfo
 *(.debug_macinfo)

.debug_weaknames
 *(.debug_weaknames)

.debug_funcnames
 *(.debug_funcnames)

.debug_typenames
 *(.debug_typenames)

.debug_varnames
 *(.debug_varnames)
OUTPUT(integration project.elf elf32-littlearm)

.debug_ranges   0x00000000      0x518
 .debug_ranges  0x00000000       0x18 ./system/src/newlib/_exit.o
 .debug_ranges  0x00000018       0x10 ./system/src/newlib/_sbrk.o
 .debug_ranges  0x00000028       0x78 ./system/src/newlib/_startup.o
 .debug_ranges  0x000000a0       0x20 ./system/src/newlib/_syscalls.o
 .debug_ranges  0x000000c0       0x28 ./system/src/diag/Trace.o
 .debug_ranges  0x000000e8       0x50 ./system/src/diag/trace_impl.o
 .debug_ranges  0x00000138       0x18 ./system/src/cortexm/_initialize_hardware.o
 .debug_ranges  0x00000150       0x80 ./system/src/cortexm/exception_handlers.o
 .debug_ranges  0x000001d0       0x28 ./system/src/cmsis/system_stm32f10x.o
 .debug_ranges  0x000001f8       0x10 ./system/src/cmsis/vectors_stm32f10x.o
 .debug_ranges  0x00000208       0x20 ./src/ADC_program.o
 .debug_ranges  0x00000228       0x18 ./src/BLE.o
 .debug_ranges  0x00000240       0x20 ./src/Battery_Backup.o
 .debug_ranges  0x00000260       0x28 ./src/CellBalancing.o
 .debug_ranges  0x00000288       0x28 ./src/Charge_Control.o
 .debug_ranges  0x000002b0       0x28 ./src/DIO_program.o
 .debug_ranges  0x000002d8       0x68 ./src/Data_Acqusition.o
 .debug_ranges  0x00000340       0x38 ./src/Display.o
 .debug_ranges  0x00000378       0x58 ./src/LCD.o
 .debug_ranges  0x000003d0       0x18 ./src/MULTIPLEXER_program.o
 .debug_ranges  0x000003e8       0x20 ./src/RCC_program.o
 .debug_ranges  0x00000408       0x18 ./src/STP.o
 .debug_ranges  0x00000420       0x48 ./src/SYSTICK_program.o
 .debug_ranges  0x00000468       0x30 ./src/TIMER_program.o
 .debug_ranges  0x00000498       0x30 ./src/ThermalManagment.o
 .debug_ranges  0x000004c8       0x20 ./src/USART_Program.o
 .debug_ranges  0x000004e8       0x20 ./src/delay.o
 .debug_ranges  0x00000508       0x10 ./src/main.o

.debug_macro    0x00000000     0x3c04
 .debug_macro   0x00000000      0x1b4 ./system/src/newlib/_exit.o
 .debug_macro   0x000001b4       0x9c ./system/src/newlib/_exit.o
 .debug_macro   0x00000250      0x10e ./system/src/newlib/_exit.o
 .debug_macro   0x0000035e       0x8d ./system/src/newlib/_exit.o
 .debug_macro   0x000003eb       0x43 ./system/src/newlib/_exit.o
 .debug_macro   0x0000042e      0x330 ./system/src/newlib/_exit.o
 .debug_macro   0x0000075e       0x35 ./system/src/newlib/_exit.o
 .debug_macro   0x00000793      0x169 ./system/src/newlib/_sbrk.o
 .debug_macro   0x000008fc      0x174 ./system/src/newlib/_sbrk.o
 .debug_macro   0x00000a70       0x10 ./system/src/newlib/_sbrk.o
 .debug_macro   0x00000a80      0x23b ./system/src/newlib/_sbrk.o
 .debug_macro   0x00000cbb      0x173 ./system/src/newlib/_startup.o
 .debug_macro   0x00000e2e      0x217 ./system/src/newlib/_syscalls.o
 .debug_macro   0x00001045       0x1c ./system/src/newlib/_syscalls.o
 .debug_macro   0x00001061       0x10 ./system/src/newlib/_syscalls.o
 .debug_macro   0x00001071       0x10 ./system/src/newlib/_syscalls.o
 .debug_macro   0x00001081       0x10 ./system/src/newlib/_syscalls.o
 .debug_macro   0x00001091       0x35 ./system/src/newlib/_syscalls.o
 .debug_macro   0x000010c6      0x122 ./system/src/newlib/_syscalls.o
 .debug_macro   0x000011e8       0x88 ./system/src/newlib/_syscalls.o
 .debug_macro   0x00001270       0x2b ./system/src/newlib/_syscalls.o
 .debug_macro   0x0000129b      0x118 ./system/src/newlib/_syscalls.o
 .debug_macro   0x000013b3      0x189 ./system/src/newlib/_syscalls.o
 .debug_macro   0x0000153c       0x16 ./system/src/newlib/_syscalls.o
 .debug_macro   0x00001552      0x1fb ./system/src/diag/Trace.o
 .debug_macro   0x0000174d       0x16 ./system/src/diag/Trace.o
 .debug_macro   0x00001763       0x97 ./system/src/diag/Trace.o
 .debug_macro   0x000017fa       0xfd ./system/src/diag/Trace.o
 .debug_macro   0x000018f7       0x10 ./system/src/diag/Trace.o
 .debug_macro   0x00001907       0x16 ./system/src/diag/Trace.o
 .debug_macro   0x0000191d      0x16f ./system/src/diag/Trace.o
 .debug_macro   0x00001a8c       0x4c ./system/src/diag/Trace.o
 .debug_macro   0x00001ad8       0x16 ./system/src/diag/Trace.o
 .debug_macro   0x00001aee      0x2da ./system/src/diag/trace_impl.o
 .debug_macro   0x00001dc8       0x10 ./system/src/diag/trace_impl.o
 .debug_macro   0x00001dd8       0xcf ./system/src/diag/trace_impl.o
 .debug_macro   0x00001ea7       0xbe ./system/src/diag/trace_impl.o
 .debug_macro   0x00001f65       0x22 ./system/src/diag/trace_impl.o
 .debug_macro   0x00001f87      0x16b ./system/src/cortexm/_initialize_hardware.o
 .debug_macro   0x000020f2      0x324 ./system/src/cortexm/exception_handlers.o
 .debug_macro   0x00002416       0x3b ./system/src/cortexm/exception_handlers.o
 .debug_macro   0x00002451       0x10 ./system/src/cortexm/exception_handlers.o
 .debug_macro   0x00002461      0x16e ./system/src/cmsis/system_stm32f10x.o
 .debug_macro   0x000025cf       0x34 ./system/src/cmsis/vectors_stm32f10x.o
 .debug_macro   0x00002603       0x58 ./src/ADC_program.o
 .debug_macro   0x0000265b       0x28 ./src/ADC_program.o
 .debug_macro   0x00002683       0x46 ./src/ADC_program.o
 .debug_macro   0x000026c9       0xe2 ./src/ADC_program.o
 .debug_macro   0x000027ab       0x1c ./src/ADC_program.o
 .debug_macro   0x000027c7       0xa6 ./src/ADC_program.o
 .debug_macro   0x0000286d      0x100 ./src/ADC_program.o
 .debug_macro   0x0000296d       0x2e ./src/ADC_program.o
 .debug_macro   0x0000299b       0x5e ./src/BLE.o
 .debug_macro   0x000029f9       0x34 ./src/BLE.o
 .debug_macro   0x00002a2d       0x58 ./src/BLE.o
 .debug_macro   0x00002a85       0x59 ./src/Battery_Backup.o
 .debug_macro   0x00002ade       0x2e ./src/Battery_Backup.o
 .debug_macro   0x00002b0c       0x49 ./src/CellBalancing.o
 .debug_macro   0x00002b55       0x67 ./src/Charge_Control.o
 .debug_macro   0x00002bbc       0x10 ./src/Charge_Control.o
 .debug_macro   0x00002bcc       0x47 ./src/DIO_program.o
 .debug_macro   0x00002c13       0xac ./src/DIO_program.o
 .debug_macro   0x00002cbf       0x6a ./src/Data_Acqusition.o
 .debug_macro   0x00002d29       0x28 ./src/Data_Acqusition.o
 .debug_macro   0x00002d51       0xc2 ./src/Display.o
 .debug_macro   0x00002e13      0x1e4 ./src/Display.o
 .debug_macro   0x00002ff7       0x70 ./src/Display.o
 .debug_macro   0x00003067       0xd0 ./src/Display.o
 .debug_macro   0x00003137       0x3a ./src/Display.o
 .debug_macro   0x00003171       0x4c ./src/Display.o
 .debug_macro   0x000031bd      0x23e ./src/LCD.o
 .debug_macro   0x000033fb       0x1c ./src/LCD.o
 .debug_macro   0x00003417      0x1e1 ./src/LCD.o
 .debug_macro   0x000035f8      0x201 ./src/LCD.o
 .debug_macro   0x000037f9       0x45 ./src/MULTIPLEXER_program.o
 .debug_macro   0x0000383e       0x22 ./src/MULTIPLEXER_program.o
 .debug_macro   0x00003860       0x46 ./src/RCC_program.o
 .debug_macro   0x000038a6       0x10 ./src/RCC_program.o
 .debug_macro   0x000038b6       0x54 ./src/STP.o
 .debug_macro   0x0000390a       0x2e ./src/STP.o
 .debug_macro   0x00003938       0x46 ./src/SYSTICK_program.o
 .debug_macro   0x0000397e       0x22 ./src/SYSTICK_program.o
 .debug_macro   0x000039a0       0x10 ./src/SYSTICK_program.o
 .debug_macro   0x000039b0       0x73 ./src/TIMER_program.o
 .debug_macro   0x00003a23       0xb8 ./src/ThermalManagment.o
 .debug_macro   0x00003adb       0x61 ./src/USART_Program.o
 .debug_macro   0x00003b3c       0x38 ./src/delay.o
 .debug_macro   0x00003b74       0x90 ./src/main.o